02-05 16:50:15.771  2511  3822 W BatteryExternalStatsWorker: error reading Bluetooth stats: 11
02-05 16:52:29.842  2511  4969 W BatteryExternalStatsWorker: error reading Bluetooth stats: 11
02-05 16:58:29.302  2511  3822 W BatteryExternalStatsWorker: error reading Bluetooth stats: 11
02-05 16:58:30.042  2511  3775 E ProcessManager: error write exception log
02-05 17:00:16.664  2511  7120 W BatteryExternalStatsWorker: error reading Bluetooth stats: 11
02-05 17:05:23.326  2511  2511 D Biometrics/AuthenticationClient: Error adding auth token : 0
02-05 17:05:23.562  2511  7151 W BatteryExternalStatsWorker: error reading Bluetooth stats: 11
02-05 17:05:25.267  2511  6952 W BatteryExternalStatsWorker: error reading Bluetooth stats: 11
02-05 17:08:09.785  2511  2570 W BatteryExternalStatsWorker: error reading Bluetooth stats: 11
02-05 17:20:22.926  2511  3118 W BatteryExternalStatsWorker: error reading Bluetooth stats: 11
02-05 17:22:57.933  2511  2511 D Biometrics/AuthenticationClient: Error adding auth token : 0
02-05 17:22:59.472  2511  8794 W BatteryExternalStatsWorker: error reading Bluetooth stats: 11
02-05 17:23:24.976  2511  7127 W BatteryExternalStatsWorker: error reading Bluetooth stats: 11
02-05 17:27:26.251  2511  3803 E RTMode  : Error: package name null
02-05 17:27:28.602  2511  4969 W BatteryExternalStatsWorker: error reading Bluetooth stats: 11
02-05 17:27:35.817  2511  2511 E RemoteFillService: Error calling on fill request
02-05 17:27:35.818  2511  2511 E RemoteFillService: Error calling on fill request
02-05 17:27:35.819  2511  2511 E RemoteFillService: Error calling on fill request
02-05 17:27:35.820  2511  2511 E RemoteFillService: Error calling on fill request
02-05 17:27:35.822  2511  8658 W AutofillManagerService: Error async reporting result to client: android.os.DeadObjectException: Transaction failed on small parcel; remote process probably died, but this could also be caused by running out of binder buffer space
02-05 17:27:35.823  2511  2511 E RemoteFillService: Error calling on fill request
02-05 17:27:35.825  2511  8658 E RemoteFillService: Error requesting a cancellation
02-05 17:27:35.833  2511  2511 E RemoteFillService: Error calling on fill request
02-05 17:27:35.837  2511  2511 E RemoteFillService: Error calling on fill request
02-05 17:27:35.838  2511  2511 E RemoteFillService: Error calling on fill request
02-05 17:27:35.844  2511  2511 E RemoteFillService: Error calling on fill request
02-05 17:27:35.845  2511  2511 E RemoteFillService: Error calling on fill request
02-05 17:27:35.849  2511  2511 E RemoteFillService: Error calling on fill request
02-05 17:27:35.850  2511  2511 E RemoteFillService: Error calling on fill request
02-05 17:27:35.852  2511  2511 E RemoteFillService: Error calling on fill request
02-05 17:27:35.853  2511  2511 E RemoteFillService: Error calling on fill request
02-05 17:27:35.855  2511  2511 E RemoteFillService: Error calling on fill request
02-05 17:27:35.857  2511  2511 E RemoteFillService: Error calling on fill request
02-05 17:27:35.858  2511  2511 E RemoteFillService: Error calling on fill request
02-05 17:27:35.860  2511  2511 E RemoteFillService: Error calling on fill request
02-05 17:27:35.862  2511  2511 E RemoteFillService: Error calling on fill request
02-05 17:27:35.863  2511  2511 E RemoteFillService: Error calling on fill request
02-05 17:27:35.865  2511  2511 E RemoteFillService: Error calling on fill request
02-05 17:27:35.873  2511  2511 E RemoteFillService: Error calling on fill request
02-05 17:27:35.873  2511  2511 E RemoteFillService: Error calling on fill request
02-05 17:27:35.877  2511  2511 E RemoteFillService: Error calling on fill request
02-05 17:27:35.884  2511  2511 E RemoteFillService: Error calling on fill request
02-05 17:27:35.885  2511  2511 E RemoteFillService: Error calling on fill request
02-05 17:27:35.889  2511  2511 E RemoteFillService: Error calling on fill request
02-05 17:27:35.893  2511  2511 E RemoteFillService: Error calling on fill request
02-05 17:27:35.896  2511  2511 E RemoteFillService: Error calling on fill request
02-05 17:27:35.900  2511  2511 E RemoteFillService: Error calling on fill request
02-05 17:27:40.817  2511  2511 E RemoteFillService: Error calling on fill request
02-05 17:27:40.818  2511  2511 E RemoteFillService: Error calling on fill request
02-05 17:27:40.819  2511  2511 E RemoteFillService: Error calling on fill request
02-05 17:27:40.899  2511  2511 E RemoteFillService: Error calling on fill request
02-05 17:28:32.042  2511  7130 W BatteryExternalStatsWorker: error reading Bluetooth stats: 11
02-05 17:29:08.630  2511  4990 W BatteryExternalStatsWorker: error reading Bluetooth stats: 11
02-05 17:34:00.220  2511  7127 W BatteryExternalStatsWorker: error reading Bluetooth stats: 11
02-05 17:39:02.921  2511  7130 W BatteryExternalStatsWorker: error reading Bluetooth stats: 11
02-05 17:39:54.721  2511  4969 W BatteryExternalStatsWorker: error reading Bluetooth stats: 11
02-05 17:39:55.206  2511  3775 E ProcessManager: error write exception log
02-05 17:39:55.230  2511  3775 E ProcessManager: error write exception log
02-05 17:39:55.410 26186 26186 D ActivityThread: useGrowthLimitOutExpendMethod invoke error.
02-05 17:39:55.421  2511  3775 E ProcessManager: error write exception log
02-05 17:39:55.435  2511  3775 E ProcessManager: error write exception log
02-05 17:39:55.460 26160 26160 D ActivityThread: useGrowthLimitOutExpendMethod invoke error.
02-05 17:39:55.483  2511  3775 E ProcessManager: error write exception log
02-05 17:39:55.558  2511  3775 E ProcessManager: error write exception log
02-05 17:39:55.777 26292 26292 D ActivityThread: useGrowthLimitOutExpendMethod invoke error.
02-05 17:39:55.857  2511  3775 E ProcessManager: error write exception log
02-05 17:39:55.998  2511  3775 E ProcessManager: error write exception log
02-05 17:39:56.017  2511  3775 E ProcessManager: error write exception log
02-05 17:39:56.031  2511  3775 E ProcessManager: error write exception log
02-05 17:39:56.031 26403 26403 D ActivityThread: useGrowthLimitOutExpendMethod invoke error.
02-05 17:39:56.073  2511  3775 E ProcessManager: error write exception log
02-05 17:39:56.094  2511  3775 E ProcessManager: error write exception log
02-05 17:39:56.139  2511  3775 E ProcessManager: error write exception log
02-05 17:39:56.152  2511  3775 E ProcessManager: error write exception log
02-05 17:39:56.297 26523 26523 D ActivityThread: useGrowthLimitOutExpendMethod invoke error.
02-05 17:39:56.383  2511  3775 E ProcessManager: error write exception log
02-05 17:39:56.520 26583 26583 D ActivityThread: useGrowthLimitOutExpendMethod invoke error.
02-05 17:39:56.575  2511  3775 E ProcessManager: error write exception log
02-05 17:44:38.911  2511  7120 W BatteryExternalStatsWorker: error reading Bluetooth stats: 11
02-05 17:44:59.348  2511  7130 W BatteryExternalStatsWorker: error reading Bluetooth stats: 11
02-05 17:50:15.708  2511  8794 W BatteryExternalStatsWorker: error reading Bluetooth stats: 11
02-05 17:57:15.726  2511  3679 W BatteryExternalStatsWorker: error reading Bluetooth stats: 11
02-05 17:57:15.839  2511  7120 W BatteryExternalStatsWorker: error reading Bluetooth stats: 11
02-05 18:00:16.958  2511  7121 W BatteryExternalStatsWorker: error reading Bluetooth stats: 11
02-05 18:04:35.869  2511  7130 W BatteryExternalStatsWorker: error reading Bluetooth stats: 11
02-05 18:08:56.172 27253 27253 D ActivityThread: useGrowthLimitOutExpendMethod invoke error.
02-05 18:10:31.632  2511  2570 W BatteryExternalStatsWorker: error reading Bluetooth stats: 11
02-05 18:14:33.820  2511  2570 W BatteryExternalStatsWorker: error reading Bluetooth stats: 11
02-05 18:17:57.428  2511  3775 E ProcessManager: error write exception log
02-05 18:18:36.518  2511  3775 E ProcessManager: error write exception log
02-05 18:18:36.950  2511  3775 E ProcessManager: error write exception log
02-05 18:18:37.294  2511  3775 E ProcessManager: error write exception log
02-05 18:18:37.383  2511  3775 E ProcessManager: error write exception log
02-05 18:19:59.743  2511  3118 W BatteryExternalStatsWorker: error reading Bluetooth stats: 11
02-05 18:20:15.705  2511  3118 W BatteryExternalStatsWorker: error reading Bluetooth stats: 11
02-05 18:21:18.507  2511  6932 W BatteryExternalStatsWorker: error reading Bluetooth stats: 11
02-05 18:21:19.325  2511  3775 E ProcessManager: error write exception log
02-05 18:21:19.556  2511  3775 E ProcessManager: error write exception log
02-05 18:21:39.375  2511  2511 D Biometrics/AuthenticationClient: Error adding auth token : 0
02-05 18:21:40.164  2511  3775 E ProcessManager: error write exception log
02-05 18:21:41.334  2511  3775 E ProcessManager: error write exception log
02-05 18:21:41.365  2511  3775 E ProcessManager: error write exception log
02-05 18:22:18.564  2511  3822 W BatteryExternalStatsWorker: error reading Bluetooth stats: 11
02-05 18:22:55.184  2511  3089 E KamiOpenBrowserWithUrl: openBrowserWithUrl error :
02-05 18:22:55.313  2511  3775 E ProcessManager: error write exception log
02-05 18:22:56.986  2511  2511 D Biometrics/AuthenticationClient: Error adding auth token : 0
02-05 18:24:18.321  2511  3775 E ProcessManager: error write exception log
02-05 18:27:05.743  2511  7123 W BatteryExternalStatsWorker: error reading Bluetooth stats: 11
02-05 18:29:41.606  2511  7123 W BatteryExternalStatsWorker: error reading Bluetooth stats: 11
02-05 18:30:43.294  2511  2570 W BatteryExternalStatsWorker: error reading Bluetooth stats: 11
02-05 18:31:10.963  2511  4969 W BatteryExternalStatsWorker: error reading Bluetooth stats: 11
02-05 18:36:18.581  2511  5349 W BatteryExternalStatsWorker: error reading Bluetooth stats: 11
02-05 18:36:56.597  2511  8652 W BatteryExternalStatsWorker: error reading Bluetooth stats: 11
02-05 18:40:10.633  2511  4969 W BatteryExternalStatsWorker: error reading Bluetooth stats: 11
02-05 18:42:18.576  2511  4969 W BatteryExternalStatsWorker: error reading Bluetooth stats: 11
02-05 18:45:12.335  2511  3775 E ProcessManager: error write exception log
02-05 18:45:12.348  2511  3775 E ProcessManager: error write exception log
02-05 18:45:12.358 19589 19589 D ActivityThread: useGrowthLimitOutExpendMethod invoke error.
02-05 18:45:12.402  2511  3775 E ProcessManager: error write exception log
02-05 18:45:12.443  2511  3775 E ProcessManager: error write exception log
02-05 18:45:12.871  2511  3775 E ProcessManager: error write exception log
02-05 18:45:14.153 19969 19969 D ActivityThread: useGrowthLimitOutExpendMethod invoke error.
02-05 18:45:14.176  2511  3775 E ProcessManager: error write exception log
02-05 18:45:14.199  2511  3775 E ProcessManager: error write exception log
02-05 18:45:14.250  2511  3775 E ProcessManager: error write exception log
02-05 18:45:15.159  2511  3775 E ProcessManager: error write exception log
02-05 18:45:15.318  2511  3775 E ProcessManager: error write exception log
02-05 18:46:05.682  2511  3679 W BatteryExternalStatsWorker: error reading Bluetooth stats: 11
02-05 18:47:00.141  2511  3775 E ProcessManager: error write exception log
02-05 18:47:18.969  2511  3119 W BatteryExternalStatsWorker: error reading Bluetooth stats: 11
02-05 18:51:18.574  2511  8706 W BatteryExternalStatsWorker: error reading Bluetooth stats: 11
02-05 18:52:10.215 25376 25376 D ActivityThread: useGrowthLimitOutExpendMethod invoke error.
02-05 18:53:09.977  2511  7120 W BatteryExternalStatsWorker: error reading Bluetooth stats: 11
02-05 18:57:07.851  2511  6952 W BatteryExternalStatsWorker: error reading Bluetooth stats: 11
02-05 18:57:07.916  2511  4990 W BatteryExternalStatsWorker: error reading Bluetooth stats: 11
02-05 18:57:07.959 29467 29467 D ActivityThread: useGrowthLimitOutExpendMethod invoke error.
02-05 18:57:08.726  2511  3775 E ProcessManager: error write exception log
02-05 18:57:08.893 29605 29605 D ActivityThread: useGrowthLimitOutExpendMethod invoke error.
02-05 18:57:08.903  2511  3775 E ProcessManager: error write exception log
02-05 18:57:09.015  2511 29348 W KeyValueBackupTask: Agent com.google.android.apps.maps error in onBackup()
02-05 18:57:16.895  2511  3775 E ProcessManager: error write exception log
02-05 18:57:16.918  2511  3775 E ProcessManager: error write exception log
02-05 18:57:17.092 29979 29979 D ActivityThread: useGrowthLimitOutExpendMethod invoke error.
02-05 18:57:17.443 30034 30034 D ActivityThread: useGrowthLimitOutExpendMethod invoke error.
02-05 18:57:17.874 30108 30108 D ActivityThread: useGrowthLimitOutExpendMethod invoke error.
02-05 18:58:08.094  2511  3822 W BatteryExternalStatsWorker: error reading Bluetooth stats: 11
02-05 19:00:17.240  2511  4854 W BatteryExternalStatsWorker: error reading Bluetooth stats: 11
02-05 19:01:10.952  2511  4854 W BatteryExternalStatsWorker: error reading Bluetooth stats: 11
02-05 19:02:52.630  2511  7062 W BatteryExternalStatsWorker: error reading Bluetooth stats: 11
02-05 19:03:52.662  2511  8652 W BatteryExternalStatsWorker: error reading Bluetooth stats: 11
02-05 19:05:43.293  2511  7130 W BatteryExternalStatsWorker: error reading Bluetooth stats: 11
02-05 19:05:43.545  5222  5222 D ActivityThread: useGrowthLimitOutExpendMethod invoke error.
02-05 19:06:43.392  2511  7130 W BatteryExternalStatsWorker: error reading Bluetooth stats: 11
02-05 19:08:45.775  2511  7122 W BatteryExternalStatsWorker: error reading Bluetooth stats: 11
02-05 19:09:15.935  2511  3775 E ProcessManager: error write exception log
02-05 19:09:45.849  2511  7123 W BatteryExternalStatsWorker: error reading Bluetooth stats: 11
02-05 19:14:18.623  2511  3118 W BatteryExternalStatsWorker: error reading Bluetooth stats: 11
02-05 19:15:33.983  2511  7151 W BatteryExternalStatsWorker: error reading Bluetooth stats: 11
02-05 19:17:51.359  9095  9095 D ActivityThread: useGrowthLimitOutExpendMethod invoke error.
02-05 19:17:51.577  2511  3775 E ProcessManager: error write exception log
02-05 19:17:51.607  2511  3775 E ProcessManager: error write exception log
02-05 19:17:51.647  2511  3775 E ProcessManager: error write exception log
02-05 19:17:51.678  2511  3775 E ProcessManager: error write exception log
02-05 19:17:51.731  2511  3775 E ProcessManager: error write exception log
02-05 19:17:51.740  9169  9169 D ActivityThread: useGrowthLimitOutExpendMethod invoke error.
02-05 19:20:18.596  2511  7123 W BatteryExternalStatsWorker: error reading Bluetooth stats: 11
02-05 19:21:17.959  2511  7127 W BatteryExternalStatsWorker: error reading Bluetooth stats: 11
02-05 19:23:37.910  2511  7122 W BatteryExternalStatsWorker: error reading Bluetooth stats: 11
02-05 19:26:18.626  2511  8816 W BatteryExternalStatsWorker: error reading Bluetooth stats: 11
02-05 19:29:35.271  2511  7144 W BatteryExternalStatsWorker: error reading Bluetooth stats: 11
02-05 19:30:59.123  2511  3775 E ProcessManager: error write exception log
02-05 19:30:59.138  2511 10029 W KeyValueBackupTask: Agent com.google.android.apps.maps error in onBackup()
02-05 19:30:59.613 10051 10051 D ActivityThread: useGrowthLimitOutExpendMethod invoke error.
02-05 19:31:10.962  2511  8658 W BatteryExternalStatsWorker: error reading Bluetooth stats: 11
02-05 19:31:16.976  2511  3775 E ProcessManager: error write exception log
02-05 19:31:18.114  2511  3775 E ProcessManager: error write exception log
02-05 19:32:17.548  2511  2569 W BatteryExternalStatsWorker: error reading Bluetooth stats: 11
02-05 19:36:18.638  2511  2569 W BatteryExternalStatsWorker: error reading Bluetooth stats: 11
02-05 19:37:21.215  2511  3822 W BatteryExternalStatsWorker: error reading Bluetooth stats: 11
02-05 19:37:21.260  2511  3775 E ProcessManager: error write exception log
02-05 19:38:21.292  2511  4854 W BatteryExternalStatsWorker: error reading Bluetooth stats: 11
02-05 19:38:45.945  2511  4262 W BatteryExternalStatsWorker: error reading Bluetooth stats: 11
02-05 19:40:29.572  2511  2511 D Biometrics/AuthenticationClient: Error adding auth token : 0
02-05 19:40:30.432  2511  3775 E ProcessManager: error write exception log
02-05 19:40:30.821  2511  3775 E ProcessManager: error write exception log
02-05 19:40:31.361  2511  3775 E ProcessManager: error write exception log
02-05 19:40:31.433  2511  3775 E ProcessManager: error write exception log
02-05 19:40:31.482  2511  3775 E ProcessManager: error write exception log
02-05 19:41:29.671  2511  7120 W BatteryExternalStatsWorker: error reading Bluetooth stats: 11
02-05 19:44:18.602  2511  4854 W BatteryExternalStatsWorker: error reading Bluetooth stats: 11
02-05 19:46:32.297  2511  3118 W BatteryExternalStatsWorker: error reading Bluetooth stats: 11
02-05 19:49:37.535  2511  3679 W BatteryExternalStatsWorker: error reading Bluetooth stats: 11
02-05 19:49:37.683  2511  3775 E ProcessManager: error write exception log
02-05 19:49:37.719  2511  3775 E ProcessManager: error write exception log
02-05 19:49:38.473  2511  2511 D Biometrics/AuthenticationClient: Error adding auth token : 0
02-05 19:49:38.706  2511  3679 W BatteryExternalStatsWorker: error reading Bluetooth stats: 11
02-05 19:49:44.545  2511  3775 E ProcessManager: error write exception log
02-05 19:49:45.158  2511  3775 E ProcessManager: error write exception log
02-05 19:50:39.807  2511  4990 W BatteryExternalStatsWorker: error reading Bluetooth stats: 11
02-05 19:52:51.991  2511  7121 W BatteryExternalStatsWorker: error reading Bluetooth stats: 11
02-05 19:55:38.814  2511  4990 W BatteryExternalStatsWorker: error reading Bluetooth stats: 11
02-05 19:56:34.506  2511  2511 D Biometrics/AuthenticationClient: Error adding auth token : 0
02-05 19:56:47.069  2511  3775 E ProcessManager: error write exception log
02-05 19:57:34.857  2511  3775 E ProcessManager: error write exception log
02-05 19:57:34.897  2511  3775 E ProcessManager: error write exception log
02-05 19:58:18.591  2511  7120 W BatteryExternalStatsWorker: error reading Bluetooth stats: 11
02-05 20:00:17.564  2511  2569 W BatteryExternalStatsWorker: error reading Bluetooth stats: 11
02-05 20:01:10.962  2511  4854 W BatteryExternalStatsWorker: error reading Bluetooth stats: 11
02-05 20:02:38.699  2511  3118 W BatteryExternalStatsWorker: error reading Bluetooth stats: 11
02-05 20:06:18.600  2511  4854 W BatteryExternalStatsWorker: error reading Bluetooth stats: 11
02-05 20:06:43.423  2511  2511 D Biometrics/AuthenticationClient: Error adding auth token : 0
02-05 20:06:51.081  2511  7130 D WindowManager: Collecting in transition 242: ActivityRecord{c1df772 u0 com.pierretulle.kiko/expo.modules.devlauncher.launcher.errors.DevLauncherErrorActivity init visibleRequested:false
02-05 20:06:51.086  2511  7130 I ActivityTaskManager: resumeTopActivityInnerLocked topActivity:ActivityRecord{c1df772 u0 com.pierretulle.kiko/expo.modules.devlauncher.launcher.errors.DevLauncherErrorActivity t417} isFocusable:true this:Task{ec66ddc #417 type=standard A=10382:com.pierretulle.kiko}
02-05 20:06:51.088  2511  7130 D WindowManager: Collecting in transition 242: ActivityRecord{c1df772 u0 com.pierretulle.kiko/expo.modules.devlauncher.launcher.errors.DevLauncherErrorActivity t417} init visibleRequested:false
02-05 20:06:51.088  2511  7130 I ActivityTaskManager: START u0 {cmp=com.pierretulle.kiko/expo.modules.devlauncher.launcher.errors.DevLauncherErrorActivity} with LAUNCH_MULTIPLE from uid 10382 from pid 3867 callingPackage com.pierretulle.kiko (BAL_ALLOW_VISIBLE_WINDOW) result code=0
02-05 20:06:51.089  4598  4796 D MiuiFullScreenTaskRepository: setFocusedTask taskId=417, topActivity=ComponentInfo{com.pierretulle.kiko/expo.modules.devlauncher.launcher.errors.DevLauncherErrorActivity}
02-05 20:06:51.089  4598  4796 D MiuiFullScreenTaskRepository: addOrUpdateFullScreenTaskInfo taskId=417, topActivity=ComponentInfo{com.pierretulle.kiko/expo.modules.devlauncher.launcher.errors.DevLauncherErrorActivity}
02-05 20:06:51.091  2511  7105 I ActivityTaskManager: resumeTopActivityInnerLocked topActivity:ActivityRecord{c1df772 u0 com.pierretulle.kiko/expo.modules.devlauncher.launcher.errors.DevLauncherErrorActivity t417} isFocusable:true this:Task{ec66ddc #417 type=standard A=10382:com.pierretulle.kiko}
02-05 20:06:51.098  2511  7105 D WindowManager: Collecting in transition 242: ActivityRecord{c1df772 u0 com.pierretulle.kiko/expo.modules.devlauncher.launcher.errors.DevLauncherErrorActivity t417} init visibleRequested:false
02-05 20:06:51.099  2511  7105 D WindowManager: Collecting in transition 242: ActivityRecord{c1df772 u0 com.pierretulle.kiko/expo.modules.devlauncher.launcher.errors.DevLauncherErrorActivity t417} init visibleRequested:true
02-05 20:06:51.101  2511  7105 D WindowManager: Collecting in transition 242: ActivityRecord{c1df772 u0 com.pierretulle.kiko/expo.modules.devlauncher.launcher.errors.DevLauncherErrorActivity t417} init visibleRequested:true
02-05 20:06:51.104  4598  4796 D MiuiFullScreenTaskRepository: setFocusedTask taskId=417, topActivity=ComponentInfo{com.pierretulle.kiko/expo.modules.devlauncher.launcher.errors.DevLauncherErrorActivity}
02-05 20:06:51.104  4598  4796 D MiuiFullScreenTaskRepository: addOrUpdateFullScreenTaskInfo taskId=417, topActivity=ComponentInfo{com.pierretulle.kiko/expo.modules.devlauncher.launcher.errors.DevLauncherErrorActivity}
02-05 20:06:51.106  2511  2730 I BLASTSyncEngine: SyncGroup 242:  Unfinished container:ActivityRecord{c1df772 u0 com.pierretulle.kiko/expo.modules.devlauncher.launcher.errors.DevLauncherErrorActivity t417}
02-05 20:06:51.106  2511  2730 I BLASTSyncEngine: isActivitySyncFinished isSyncFinished false ActivityRecord{c1df772 u0 com.pierretulle.kiko/expo.modules.devlauncher.launcher.errors.DevLauncherErrorActivity t417}
02-05 20:06:51.108  2511  7130 D WindowManager: Collecting in transition 242: ActivityRecord{3189d1f u0 com.pierretulle.kiko/expo.modules.devlauncher.launcher.errors.DevLauncherErrorActivity init visibleRequested:false
02-05 20:06:51.112  2511  7130 I ActivityTaskManager: resumeTopActivityInnerLocked topActivity:ActivityRecord{3189d1f u0 com.pierretulle.kiko/expo.modules.devlauncher.launcher.errors.DevLauncherErrorActivity t417} isFocusable:true this:Task{ec66ddc #417 type=standard A=10382:com.pierretulle.kiko}
02-05 20:06:51.114  2511  7130 D WindowManager: Collecting in transition 242: ActivityRecord{3189d1f u0 com.pierretulle.kiko/expo.modules.devlauncher.launcher.errors.DevLauncherErrorActivity t417} init visibleRequested:false
02-05 20:06:51.116  2511  7130 I ActivityTaskManager: START u0 {cmp=com.pierretulle.kiko/expo.modules.devlauncher.launcher.errors.DevLauncherErrorActivity} with LAUNCH_MULTIPLE from uid 10382 from pid 3867 callingPackage com.pierretulle.kiko (BAL_ALLOW_VISIBLE_WINDOW) result code=0
02-05 20:06:51.147  4598  4658 D MiuiFreeformModeObserver: activityResumed() intent： Intent { cmp=com.pierretulle.kiko/expo.modules.devlauncher.launcher.errors.DevLauncherErrorActivity (has extras) }
02-05 20:06:51.150  2511  7130 D CoreBackPreview: Window{8eb1117 u0 com.pierretulle.kiko/expo.modules.devlauncher.launcher.errors.DevLauncherErrorActivity}: Setting back callback OnBackInvokedCallbackInfo{mCallback=android.window.IOnBackInvokedCallback$Stub$Proxy@dff2122, mPriority=0, mIsAnimationCallback=false}
02-05 20:06:51.156  4598  4796 D MiuiFullScreenTaskRepository: setFocusedTask taskId=417, topActivity=ComponentInfo{com.pierretulle.kiko/expo.modules.devlauncher.launcher.errors.DevLauncherErrorActivity}
02-05 20:06:51.156  4598  4796 D MiuiFullScreenTaskRepository: addOrUpdateFullScreenTaskInfo taskId=417, topActivity=ComponentInfo{com.pierretulle.kiko/expo.modules.devlauncher.launcher.errors.DevLauncherErrorActivity}
02-05 20:06:51.182  2511  7130 D WindowManager: wms.Input focus has changed to Window{8eb1117 u0 com.pierretulle.kiko/expo.modules.devlauncher.launcher.errors.DevLauncherErrorActivity} display=0 updateInputWindows = true
02-05 20:06:51.193  2511  7120 D WindowManager: wms.finishDrawingLocked: mDrawState=COMMIT_DRAW_PENDING Window{8eb1117 u0 com.pierretulle.kiko/expo.modules.devlauncher.launcher.errors.DevLauncherErrorActivity} in Surface(name=com.pierretulle.kiko/expo.modules.devlauncher.launcher.errors.DevLauncherErrorActivity#3554)/@0x1290c0f
02-05 20:06:51.199  2511  7122 I ActivityTaskManager: resumeTopActivityInnerLocked topActivity:ActivityRecord{3189d1f u0 com.pierretulle.kiko/expo.modules.devlauncher.launcher.errors.DevLauncherErrorActivity t417} isFocusable:true this:Task{ec66ddc #417 type=standard A=10382:com.pierretulle.kiko}
02-05 20:06:51.201  2511  7122 D WindowManager: Collecting in transition 242: ActivityRecord{3189d1f u0 com.pierretulle.kiko/expo.modules.devlauncher.launcher.errors.DevLauncherErrorActivity t417} init visibleRequested:false
02-05 20:06:51.201  2511  7122 D WindowManager: Collecting in transition 242: ActivityRecord{c1df772 u0 com.pierretulle.kiko/expo.modules.devlauncher.launcher.errors.DevLauncherErrorActivity t417} init visibleRequested:true
02-05 20:06:51.203  2511  7122 D WindowManager: Collecting in transition 242: ActivityRecord{3189d1f u0 com.pierretulle.kiko/expo.modules.devlauncher.launcher.errors.DevLauncherErrorActivity t417} init visibleRequested:true
02-05 20:06:51.203  4598  4796 D MiuiFullScreenTaskRepository: setFocusedTask taskId=417, topActivity=ComponentInfo{com.pierretulle.kiko/expo.modules.devlauncher.launcher.errors.DevLauncherErrorActivity}
02-05 20:06:51.204  4598  4796 D MiuiFullScreenTaskRepository: addOrUpdateFullScreenTaskInfo taskId=417, topActivity=ComponentInfo{com.pierretulle.kiko/expo.modules.devlauncher.launcher.errors.DevLauncherErrorActivity}
02-05 20:06:51.207  2511  7122 D WindowManager: Collecting in transition 242: ActivityRecord{3189d1f u0 com.pierretulle.kiko/expo.modules.devlauncher.launcher.errors.DevLauncherErrorActivity t417} init visibleRequested:true
02-05 20:06:51.210  2511  7122 I BLASTSyncEngine: SyncGroup 242:  Unfinished container:ActivityRecord{3189d1f u0 com.pierretulle.kiko/expo.modules.devlauncher.launcher.errors.DevLauncherErrorActivity t417}
02-05 20:06:51.210  2511  7122 I BLASTSyncEngine: isActivitySyncFinished isSyncFinished false ActivityRecord{3189d1f u0 com.pierretulle.kiko/expo.modules.devlauncher.launcher.errors.DevLauncherErrorActivity t417}
02-05 20:06:51.216  2511  2730 I BLASTSyncEngine: SyncGroup 242:  Unfinished container:ActivityRecord{3189d1f u0 com.pierretulle.kiko/expo.modules.devlauncher.launcher.errors.DevLauncherErrorActivity t417}
02-05 20:06:51.216  2511  2730 I BLASTSyncEngine: isActivitySyncFinished isSyncFinished false ActivityRecord{3189d1f u0 com.pierretulle.kiko/expo.modules.devlauncher.launcher.errors.DevLauncherErrorActivity t417}
02-05 20:06:51.225  2511  3119 D WindowManager: Collecting in transition 242: ActivityRecord{3189d1f u0 com.pierretulle.kiko/expo.modules.devlauncher.launcher.errors.DevLauncherErrorActivity t417 f}} init visibleRequested:true
02-05 20:06:51.225  2511  3119 D WindowManager: Collecting in transition 242: ActivityRecord{3189d1f u0 com.pierretulle.kiko/expo.modules.devlauncher.launcher.errors.DevLauncherErrorActivity t417 f}} init visibleRequested:true
02-05 20:06:51.229  4598  4796 D MiuiFullScreenTaskRepository: setFocusedTask taskId=417, topActivity=ComponentInfo{com.pierretulle.kiko/expo.modules.devlauncher.launcher.errors.DevLauncherErrorActivity}
02-05 20:06:51.229  4598  4796 D MiuiFullScreenTaskRepository: addOrUpdateFullScreenTaskInfo taskId=417, topActivity=ComponentInfo{com.pierretulle.kiko/expo.modules.devlauncher.launcher.errors.DevLauncherErrorActivity}
02-05 20:06:51.233  4598 20643 D MiuiFreeformModeObserver: activityResumed() intent： Intent { cmp=com.pierretulle.kiko/expo.modules.devlauncher.launcher.errors.DevLauncherErrorActivity (has extras) }
02-05 20:06:51.236  2511  3119 I ActivityTaskManager: resumeTopActivityInnerLocked topActivity:ActivityRecord{c1df772 u0 com.pierretulle.kiko/expo.modules.devlauncher.launcher.errors.DevLauncherErrorActivity t417} isFocusable:true this:Task{ec66ddc #417 type=standard A=10382:com.pierretulle.kiko}
02-05 20:06:51.237  2511  3119 D WindowManager: Collecting in transition 242: ActivityRecord{c1df772 u0 com.pierretulle.kiko/expo.modules.devlauncher.launcher.errors.DevLauncherErrorActivity t417} init visibleRequested:false
02-05 20:06:51.240  2511  3119 D WindowManager: wms.Input focus has changed to Window{8eb1117 u0 com.pierretulle.kiko/expo.modules.devlauncher.launcher.errors.DevLauncherErrorActivity} display=0 updateInputWindows = true
02-05 20:06:51.241  4598  4796 D MiuiFullScreenTaskRepository: setFocusedTask taskId=417, topActivity=ComponentInfo{com.pierretulle.kiko/expo.modules.devlauncher.launcher.errors.DevLauncherErrorActivity}
02-05 20:06:51.241  4598  4796 D MiuiFullScreenTaskRepository: addOrUpdateFullScreenTaskInfo taskId=417, topActivity=ComponentInfo{com.pierretulle.kiko/expo.modules.devlauncher.launcher.errors.DevLauncherErrorActivity}
02-05 20:06:51.241  2511  3119 D WindowManager: Collecting in transition 242: ActivityRecord{c1df772 u0 com.pierretulle.kiko/expo.modules.devlauncher.launcher.errors.DevLauncherErrorActivity t417} init visibleRequested:true
02-05 20:06:51.244  2511  3119 I WindowManager: wms.showSurfaceRobustly mWin:Window{8eb1117 u0 com.pierretulle.kiko/expo.modules.devlauncher.launcher.errors.DevLauncherErrorActivity}
02-05 20:06:51.244  2511  3119 D WindowManager: Final targets: [ActivityRecord{c1df772 u0 com.pierretulle.kiko/expo.modules.devlauncher.launcher.errors.DevLauncherErrorActivity t417}, ActivityRecord{925c4ae u0 com.pierretulle.kiko/.MainActivity t417}]
02-05 20:06:51.246  2511  3119 D WindowManager: Calling onTransitionReady info={id=242 t=OPEN f=0x0 trk=0 r=[0@Point(0, 0)] c=[{null m=OPEN f=FILLS_TASK leash=Surface(name=ActivityRecord{c1df772 u0 com.pierretulle.kiko/expo.modules.devlauncher.launcher.errors.DevLauncherErrorActivity t417}#3545)/@0x2ee8259 sb=Rect(0, 0 - 0, 0) eb=Rect(0, 0 - 1080, 2400) d=-1->0 r=-1->0:-1},{null m=TO_BACK f=FILLS_TASK leash=Surface(name=ActivityRecord{925c4ae u0 com.pierretulle.kiko/.MainActivity t417}#3150)/@0x689c6a0 sb=Rect(0, 0 - 1080, 2400) eb=Rect(0, 0 - 1080, 2400) d=0}] noAni=[false] oa=[true]}, mToken=Token{6b16ff TransitionRecord{d252840 id=242 type=OPEN flags=0x0}}
02-05 20:06:51.248  4598  4796 D MiuiFreeformAnimation: startAnimation change: {null m=OPEN f=FILLS_TASK leash=Surface(name=ActivityRecord{c1df772 u0 com.pierretulle.kiko/expo.modules.devlauncher.launcher.errors.DevLauncherErrorActivity t417}#3545)/@0x717c4c3 sb=Rect(0, 0 - 0, 0) eb=Rect(0, 0 - 1080, 2400) d=-1->0 r=-1->0:-1} info.getType(): 1
02-05 20:06:51.264  4598 17184 D MiuiFreeformModeObserver: activityResumed() intent： Intent { cmp=com.pierretulle.kiko/expo.modules.devlauncher.launcher.errors.DevLauncherErrorActivity (has extras) }
02-05 20:06:51.795  2511  7120 I ActivityTaskManager: resumeTopActivityInnerLocked topActivity:ActivityRecord{c1df772 u0 com.pierretulle.kiko/expo.modules.devlauncher.launcher.errors.DevLauncherErrorActivity t417} isFocusable:true this:Task{ec66ddc #417 type=standard A=10382:com.pierretulle.kiko}
02-05 20:06:59.497  2511  3775 E ProcessManager: error write exception log
02-05 20:07:43.473  2511  7105 W BatteryExternalStatsWorker: error reading Bluetooth stats: 11
02-05 20:07:51.271  4598  4796 D MiuiFullScreenTaskRepository: setFocusedTask taskId=417, topActivity=ComponentInfo{com.pierretulle.kiko/expo.modules.devlauncher.launcher.errors.DevLauncherErrorActivity}
02-05 20:07:51.271  4598  4796 D MiuiFullScreenTaskRepository: addOrUpdateFullScreenTaskInfo taskId=417, topActivity=ComponentInfo{com.pierretulle.kiko/expo.modules.devlauncher.launcher.errors.DevLauncherErrorActivity}
02-05 20:08:10.362  2511  2511 D Biometrics/AuthenticationClient: Error adding auth token : 0
02-05 20:08:10.436  2511  7130 I ActivityTaskManager: resumeTopActivityInnerLocked topActivity:ActivityRecord{c1df772 u0 com.pierretulle.kiko/expo.modules.devlauncher.launcher.errors.DevLauncherErrorActivity t417} isFocusable:true this:Task{ec66ddc #417 type=standard A=10382:com.pierretulle.kiko}
02-05 20:08:10.437  2511  7130 D WindowManager: Collecting in transition 245: ActivityRecord{c1df772 u0 com.pierretulle.kiko/expo.modules.devlauncher.launcher.errors.DevLauncherErrorActivity t417} init visibleRequested:false
02-05 20:08:10.443  2511  7130 D WindowManager: Collecting in transition 245: ActivityRecord{c1df772 u0 com.pierretulle.kiko/expo.modules.devlauncher.launcher.errors.DevLauncherErrorActivity t417} init visibleRequested:true
02-05 20:08:10.444  2511  7130 I ActivityTaskManager: resumeTopActivityInnerLocked topActivity:ActivityRecord{c1df772 u0 com.pierretulle.kiko/expo.modules.devlauncher.launcher.errors.DevLauncherErrorActivity t417} isFocusable:true this:Task{ec66ddc #417 type=standard A=10382:com.pierretulle.kiko}
02-05 20:08:10.450  2511  7130 I ActivityTaskManager: resumeTopActivityInnerLocked topActivity:ActivityRecord{c1df772 u0 com.pierretulle.kiko/expo.modules.devlauncher.launcher.errors.DevLauncherErrorActivity t417} isFocusable:true this:Task{ec66ddc #417 type=standard A=10382:com.pierretulle.kiko}
02-05 20:08:10.451  2511  7130 I ActivityTaskManager: resumeTopActivityInnerLocked topActivity:ActivityRecord{c1df772 u0 com.pierretulle.kiko/expo.modules.devlauncher.launcher.errors.DevLauncherErrorActivity t417} isFocusable:true this:Task{ec66ddc #417 type=standard A=10382:com.pierretulle.kiko}
02-05 20:08:10.451  2511  7130 I ActivityTaskManager: resumeTopActivityInnerLocked topActivity:ActivityRecord{c1df772 u0 com.pierretulle.kiko/expo.modules.devlauncher.launcher.errors.DevLauncherErrorActivity t417} isFocusable:true this:Task{ec66ddc #417 type=standard A=10382:com.pierretulle.kiko}
02-05 20:08:10.452  4598  4796 D MiuiFullScreenTaskRepository: setFocusedTask taskId=417, topActivity=ComponentInfo{com.pierretulle.kiko/expo.modules.devlauncher.launcher.errors.DevLauncherErrorActivity}
02-05 20:08:10.452  4598  4796 D MiuiFullScreenTaskRepository: addOrUpdateFullScreenTaskInfo taskId=417, topActivity=ComponentInfo{com.pierretulle.kiko/expo.modules.devlauncher.launcher.errors.DevLauncherErrorActivity}
02-05 20:08:10.455  2511  2730 I BLASTSyncEngine: SyncGroup 245:  Unfinished container:ActivityRecord{c1df772 u0 com.pierretulle.kiko/expo.modules.devlauncher.launcher.errors.DevLauncherErrorActivity t417}
02-05 20:08:10.455  2511  2730 I BLASTSyncEngine: isActivitySyncFinished isSyncFinished false ActivityRecord{c1df772 u0 com.pierretulle.kiko/expo.modules.devlauncher.launcher.errors.DevLauncherErrorActivity t417}
02-05 20:08:10.458  4598  5414 D MiuiFreeformModeObserver: activityResumed() intent： Intent { cmp=com.pierretulle.kiko/expo.modules.devlauncher.launcher.errors.DevLauncherErrorActivity (has extras) }
02-05 20:08:10.473  2511  7130 I BLASTSyncEngine: SyncGroup 245:  Unfinished container:ActivityRecord{c1df772 u0 com.pierretulle.kiko/expo.modules.devlauncher.launcher.errors.DevLauncherErrorActivity t417}
02-05 20:08:10.473  2511  7130 I BLASTSyncEngine: isActivitySyncFinished isSyncFinished false ActivityRecord{c1df772 u0 com.pierretulle.kiko/expo.modules.devlauncher.launcher.errors.DevLauncherErrorActivity t417}
02-05 20:08:10.486  2511  2569 I BLASTSyncEngine: SyncGroup 245:  Unfinished container:ActivityRecord{c1df772 u0 com.pierretulle.kiko/expo.modules.devlauncher.launcher.errors.DevLauncherErrorActivity t417}
02-05 20:08:10.486  2511  2569 I BLASTSyncEngine: isActivitySyncFinished isSyncFinished false ActivityRecord{c1df772 u0 com.pierretulle.kiko/expo.modules.devlauncher.launcher.errors.DevLauncherErrorActivity t417}
02-05 20:08:10.505  4598  4796 D MiuiFullScreenTaskRepository: setFocusedTask taskId=417, topActivity=ComponentInfo{com.pierretulle.kiko/expo.modules.devlauncher.launcher.errors.DevLauncherErrorActivity}
02-05 20:08:10.505  4598  4796 D MiuiFullScreenTaskRepository: addOrUpdateFullScreenTaskInfo taskId=417, topActivity=ComponentInfo{com.pierretulle.kiko/expo.modules.devlauncher.launcher.errors.DevLauncherErrorActivity}
02-05 20:08:10.525  2511  7122 D WindowManager: wms.finishDrawingLocked: mDrawState=COMMIT_DRAW_PENDING Window{8eb1117 u0 com.pierretulle.kiko/expo.modules.devlauncher.launcher.errors.DevLauncherErrorActivity} in Surface(name=com.pierretulle.kiko/expo.modules.devlauncher.launcher.errors.DevLauncherErrorActivity#3771)/@0x5752de4
02-05 20:08:10.534  2511  2730 I WindowManager: wms.showSurfaceRobustly mWin:Window{8eb1117 u0 com.pierretulle.kiko/expo.modules.devlauncher.launcher.errors.DevLauncherErrorActivity}
02-05 20:08:10.811  2511  8731 D WindowManager: wms.Input focus has changed to Window{8eb1117 u0 com.pierretulle.kiko/expo.modules.devlauncher.launcher.errors.DevLauncherErrorActivity} display=0 updateInputWindows = true
02-05 20:08:12.372  2511  8706 D WindowManager: Collecting in transition 246: ActivityRecord{c1df772 u0 com.pierretulle.kiko/expo.modules.devlauncher.launcher.errors.DevLauncherErrorActivity t417 f}} init visibleRequested:true
02-05 20:08:12.372  2511  8706 D WindowManager: Collecting in transition 246: ActivityRecord{c1df772 u0 com.pierretulle.kiko/expo.modules.devlauncher.launcher.errors.DevLauncherErrorActivity t417 f}} init visibleRequested:true
02-05 20:08:12.383  2511  2730 D WindowManager: wms.Focus not requested for window=Window{8eb1117 u0 com.pierretulle.kiko/expo.modules.devlauncher.launcher.errors.DevLauncherErrorActivity} because it has no surface or is not focusable.
02-05 20:08:12.448  2511  8731 D WindowManager: Final targets: [ActivityRecord{46c17c5 u0 com.pierretulle.kiko/.MainActivity t417}, ActivityRecord{c1df772 u0 com.pierretulle.kiko/expo.modules.devlauncher.launcher.errors.DevLauncherErrorActivity t417 f}}]
02-05 20:08:12.449  2511  8731 D WindowManager: Calling onTransitionReady info={id=246 t=OPEN f=0x0 trk=0 r=[0@Point(0, 0)] c=[{null m=OPEN f=FILLS_TASK|IS_BEHIND_STARTING_WINDOW|NO_ANIMATION leash=Surface(name=ActivityRecord{46c17c5 u0 com.pierretulle.kiko/.MainActivity t417}#3788)/@0xfd18e40 sb=Rect(0, 0 - 0, 0) eb=Rect(0, 0 - 1080, 2400) d=-1->0 r=-1->0:-1},{null m=CLOSE f=FILLS_TASK|IS_BEHIND_STARTING_WINDOW leash=Surface(name=ActivityRecord{c1df772 u0 com.pierretulle.kiko/expo.modules.devlauncher.launcher.errors.DevLauncherErrorActivity t417}#3545)/@0x2ee8259 sb=Rect(0, 0 - 1080, 2400) eb=Rect(0, 0 - 1080, 2400) d=0}] noAni=[false] oa=[true]}, mToken=Token{4e1eebe TransitionRecord{f28584b id=246 type=OPEN flags=0x0}}
02-05 20:08:12.451  4598  4796 D MiuiFreeformAnimation: startAnimation change: {null m=CLOSE f=FILLS_TASK|IS_BEHIND_STARTING_WINDOW leash=Surface(name=ActivityRecord{c1df772 u0 com.pierretulle.kiko/expo.modules.devlauncher.launcher.errors.DevLauncherErrorActivity t417}#3545)/@0xc18705d sb=Rect(0, 0 - 1080, 2400) eb=Rect(0, 0 - 1080, 2400) d=0} info.getType(): 1
02-05 20:08:12.652  2511  8731 D CoreBackPreview: Window{8eb1117 u0 com.pierretulle.kiko/expo.modules.devlauncher.launcher.errors.DevLauncherErrorActivity}: Setting back callback null
02-05 20:08:13.093  2511  8731 D WindowManager: Collecting in transition 247: ActivityRecord{bcfc4f7 u0 com.pierretulle.kiko/expo.modules.devlauncher.launcher.errors.DevLauncherErrorActivity init visibleRequested:false
02-05 20:08:13.098  2511  8731 I ActivityTaskManager: resumeTopActivityInnerLocked topActivity:ActivityRecord{bcfc4f7 u0 com.pierretulle.kiko/expo.modules.devlauncher.launcher.errors.DevLauncherErrorActivity t417} isFocusable:true this:Task{ec66ddc #417 type=standard A=10382:com.pierretulle.kiko}
02-05 20:08:13.100  2511  8731 D WindowManager: Collecting in transition 247: ActivityRecord{bcfc4f7 u0 com.pierretulle.kiko/expo.modules.devlauncher.launcher.errors.DevLauncherErrorActivity t417} init visibleRequested:false
02-05 20:08:13.100  2511  8731 I ActivityTaskManager: START u0 {cmp=com.pierretulle.kiko/expo.modules.devlauncher.launcher.errors.DevLauncherErrorActivity} with LAUNCH_MULTIPLE from uid 10382 from pid 3867 callingPackage com.pierretulle.kiko (BAL_ALLOW_VISIBLE_WINDOW) result code=0
02-05 20:08:13.103  2511  3118 I ActivityTaskManager: resumeTopActivityInnerLocked topActivity:ActivityRecord{bcfc4f7 u0 com.pierretulle.kiko/expo.modules.devlauncher.launcher.errors.DevLauncherErrorActivity t417} isFocusable:true this:Task{ec66ddc #417 type=standard A=10382:com.pierretulle.kiko}
02-05 20:08:13.105  2511  3118 D WindowManager: Collecting in transition 247: ActivityRecord{bcfc4f7 u0 com.pierretulle.kiko/expo.modules.devlauncher.launcher.errors.DevLauncherErrorActivity t417} init visibleRequested:false
02-05 20:08:13.107  2511  3118 D WindowManager: Collecting in transition 247: ActivityRecord{bcfc4f7 u0 com.pierretulle.kiko/expo.modules.devlauncher.launcher.errors.DevLauncherErrorActivity t417} init visibleRequested:true
02-05 20:08:13.111  2511  3118 D WindowManager: Collecting in transition 247: ActivityRecord{bcfc4f7 u0 com.pierretulle.kiko/expo.modules.devlauncher.launcher.errors.DevLauncherErrorActivity t417} init visibleRequested:true
02-05 20:08:13.116  4598  4796 D MiuiFullScreenTaskRepository: setFocusedTask taskId=417, topActivity=ComponentInfo{com.pierretulle.kiko/expo.modules.devlauncher.launcher.errors.DevLauncherErrorActivity}
02-05 20:08:13.116  4598  4796 D MiuiFullScreenTaskRepository: addOrUpdateFullScreenTaskInfo taskId=417, topActivity=ComponentInfo{com.pierretulle.kiko/expo.modules.devlauncher.launcher.errors.DevLauncherErrorActivity}
02-05 20:08:13.117  4598  4796 D MiuiFullScreenTaskRepository: setFocusedTask taskId=417, topActivity=ComponentInfo{com.pierretulle.kiko/expo.modules.devlauncher.launcher.errors.DevLauncherErrorActivity}
02-05 20:08:13.117  4598  4796 D MiuiFullScreenTaskRepository: addOrUpdateFullScreenTaskInfo taskId=417, topActivity=ComponentInfo{com.pierretulle.kiko/expo.modules.devlauncher.launcher.errors.DevLauncherErrorActivity}
02-05 20:08:13.120  2511  2730 I BLASTSyncEngine: SyncGroup 247:  Unfinished container:ActivityRecord{bcfc4f7 u0 com.pierretulle.kiko/expo.modules.devlauncher.launcher.errors.DevLauncherErrorActivity t417}
02-05 20:08:13.120  2511  2730 I BLASTSyncEngine: isActivitySyncFinished isSyncFinished false ActivityRecord{bcfc4f7 u0 com.pierretulle.kiko/expo.modules.devlauncher.launcher.errors.DevLauncherErrorActivity t417}
02-05 20:08:13.123  2511  8706 D WindowManager: Collecting in transition 247: ActivityRecord{9e8fdd0 u0 com.pierretulle.kiko/expo.modules.devlauncher.launcher.errors.DevLauncherErrorActivity init visibleRequested:false
02-05 20:08:13.127  2511  8706 I ActivityTaskManager: resumeTopActivityInnerLocked topActivity:ActivityRecord{9e8fdd0 u0 com.pierretulle.kiko/expo.modules.devlauncher.launcher.errors.DevLauncherErrorActivity t417} isFocusable:true this:Task{ec66ddc #417 type=standard A=10382:com.pierretulle.kiko}
02-05 20:08:13.132  2511  8706 D WindowManager: Collecting in transition 247: ActivityRecord{9e8fdd0 u0 com.pierretulle.kiko/expo.modules.devlauncher.launcher.errors.DevLauncherErrorActivity t417} init visibleRequested:false
02-05 20:08:13.134  2511  8706 I ActivityTaskManager: START u0 {cmp=com.pierretulle.kiko/expo.modules.devlauncher.launcher.errors.DevLauncherErrorActivity} with LAUNCH_MULTIPLE from uid 10382 from pid 3867 callingPackage com.pierretulle.kiko (BAL_ALLOW_VISIBLE_WINDOW) result code=0
02-05 20:08:13.141  4598  4796 D MiuiFullScreenTaskRepository: setFocusedTask taskId=417, topActivity=ComponentInfo{com.pierretulle.kiko/expo.modules.devlauncher.launcher.errors.DevLauncherErrorActivity}
02-05 20:08:13.141  4598  4796 D MiuiFullScreenTaskRepository: addOrUpdateFullScreenTaskInfo taskId=417, topActivity=ComponentInfo{com.pierretulle.kiko/expo.modules.devlauncher.launcher.errors.DevLauncherErrorActivity}
02-05 20:08:13.152  4598  4658 D MiuiFreeformModeObserver: activityResumed() intent： Intent { cmp=com.pierretulle.kiko/expo.modules.devlauncher.launcher.errors.DevLauncherErrorActivity (has extras) }
02-05 20:08:13.153  2511  8706 D CoreBackPreview: Window{1b45bef u0 com.pierretulle.kiko/expo.modules.devlauncher.launcher.errors.DevLauncherErrorActivity}: Setting back callback OnBackInvokedCallbackInfo{mCallback=android.window.IOnBackInvokedCallback$Stub$Proxy@2bfabda, mPriority=0, mIsAnimationCallback=false}
02-05 20:08:13.168  2511  8706 D WindowManager: wms.Input focus has changed to Window{1b45bef u0 com.pierretulle.kiko/expo.modules.devlauncher.launcher.errors.DevLauncherErrorActivity} display=0 updateInputWindows = true
02-05 20:08:13.176  2511  8706 D WindowManager: wms.finishDrawingLocked: mDrawState=COMMIT_DRAW_PENDING Window{1b45bef u0 com.pierretulle.kiko/expo.modules.devlauncher.launcher.errors.DevLauncherErrorActivity} in Surface(name=com.pierretulle.kiko/expo.modules.devlauncher.launcher.errors.DevLauncherErrorActivity#3857)/@0xfc5d9e7
02-05 20:08:13.185  2511  8706 I ActivityTaskManager: resumeTopActivityInnerLocked topActivity:ActivityRecord{9e8fdd0 u0 com.pierretulle.kiko/expo.modules.devlauncher.launcher.errors.DevLauncherErrorActivity t417} isFocusable:true this:Task{ec66ddc #417 type=standard A=10382:com.pierretulle.kiko}
02-05 20:08:13.187  2511  8706 D WindowManager: Collecting in transition 247: ActivityRecord{9e8fdd0 u0 com.pierretulle.kiko/expo.modules.devlauncher.launcher.errors.DevLauncherErrorActivity t417} init visibleRequested:false
02-05 20:08:13.187  2511  8706 D WindowManager: Collecting in transition 247: ActivityRecord{bcfc4f7 u0 com.pierretulle.kiko/expo.modules.devlauncher.launcher.errors.DevLauncherErrorActivity t417} init visibleRequested:true
02-05 20:08:13.188  2511  8706 D WindowManager: Collecting in transition 247: ActivityRecord{9e8fdd0 u0 com.pierretulle.kiko/expo.modules.devlauncher.launcher.errors.DevLauncherErrorActivity t417} init visibleRequested:true
02-05 20:08:13.190  4598  4796 D MiuiFullScreenTaskRepository: setFocusedTask taskId=417, topActivity=ComponentInfo{com.pierretulle.kiko/expo.modules.devlauncher.launcher.errors.DevLauncherErrorActivity}
02-05 20:08:13.190  4598  4796 D MiuiFullScreenTaskRepository: addOrUpdateFullScreenTaskInfo taskId=417, topActivity=ComponentInfo{com.pierretulle.kiko/expo.modules.devlauncher.launcher.errors.DevLauncherErrorActivity}
02-05 20:08:13.193  2511  8706 D WindowManager: Collecting in transition 247: ActivityRecord{9e8fdd0 u0 com.pierretulle.kiko/expo.modules.devlauncher.launcher.errors.DevLauncherErrorActivity t417} init visibleRequested:true
02-05 20:08:13.196  2511  8706 I BLASTSyncEngine: SyncGroup 247:  Unfinished container:ActivityRecord{9e8fdd0 u0 com.pierretulle.kiko/expo.modules.devlauncher.launcher.errors.DevLauncherErrorActivity t417}
02-05 20:08:13.196  2511  8706 I BLASTSyncEngine: isActivitySyncFinished isSyncFinished false ActivityRecord{9e8fdd0 u0 com.pierretulle.kiko/expo.modules.devlauncher.launcher.errors.DevLauncherErrorActivity t417}
02-05 20:08:13.211  2511  8706 D WindowManager: Collecting in transition 247: ActivityRecord{9e8fdd0 u0 com.pierretulle.kiko/expo.modules.devlauncher.launcher.errors.DevLauncherErrorActivity t417 f}} init visibleRequested:true
02-05 20:08:13.211  2511  8706 D WindowManager: Collecting in transition 247: ActivityRecord{9e8fdd0 u0 com.pierretulle.kiko/expo.modules.devlauncher.launcher.errors.DevLauncherErrorActivity t417 f}} init visibleRequested:true
02-05 20:08:13.216  4598  4796 D MiuiFullScreenTaskRepository: setFocusedTask taskId=417, topActivity=ComponentInfo{com.pierretulle.kiko/expo.modules.devlauncher.launcher.errors.DevLauncherErrorActivity}
02-05 20:08:13.216  4598  4796 D MiuiFullScreenTaskRepository: addOrUpdateFullScreenTaskInfo taskId=417, topActivity=ComponentInfo{com.pierretulle.kiko/expo.modules.devlauncher.launcher.errors.DevLauncherErrorActivity}
02-05 20:08:13.220  4598 20643 D MiuiFreeformModeObserver: activityResumed() intent： Intent { cmp=com.pierretulle.kiko/expo.modules.devlauncher.launcher.errors.DevLauncherErrorActivity (has extras) }
02-05 20:08:13.222  2511  8794 I ActivityTaskManager: resumeTopActivityInnerLocked topActivity:ActivityRecord{bcfc4f7 u0 com.pierretulle.kiko/expo.modules.devlauncher.launcher.errors.DevLauncherErrorActivity t417} isFocusable:true this:Task{ec66ddc #417 type=standard A=10382:com.pierretulle.kiko}
02-05 20:08:13.224  2511  8794 D WindowManager: Collecting in transition 247: ActivityRecord{bcfc4f7 u0 com.pierretulle.kiko/expo.modules.devlauncher.launcher.errors.DevLauncherErrorActivity t417} init visibleRequested:false
02-05 20:08:13.228  2511  8794 D WindowManager: wms.Input focus has changed to Window{1b45bef u0 com.pierretulle.kiko/expo.modules.devlauncher.launcher.errors.DevLauncherErrorActivity} display=0 updateInputWindows = true
02-05 20:08:13.230  4598  4796 D MiuiFullScreenTaskRepository: setFocusedTask taskId=417, topActivity=ComponentInfo{com.pierretulle.kiko/expo.modules.devlauncher.launcher.errors.DevLauncherErrorActivity}
02-05 20:08:13.230  4598  4796 D MiuiFullScreenTaskRepository: addOrUpdateFullScreenTaskInfo taskId=417, topActivity=ComponentInfo{com.pierretulle.kiko/expo.modules.devlauncher.launcher.errors.DevLauncherErrorActivity}
02-05 20:08:13.230  2511  8794 D WindowManager: Collecting in transition 247: ActivityRecord{bcfc4f7 u0 com.pierretulle.kiko/expo.modules.devlauncher.launcher.errors.DevLauncherErrorActivity t417} init visibleRequested:true
02-05 20:08:13.234  2511  8794 I WindowManager: wms.showSurfaceRobustly mWin:Window{1b45bef u0 com.pierretulle.kiko/expo.modules.devlauncher.launcher.errors.DevLauncherErrorActivity}
02-05 20:08:13.234  2511  8794 D WindowManager: Final targets: [ActivityRecord{bcfc4f7 u0 com.pierretulle.kiko/expo.modules.devlauncher.launcher.errors.DevLauncherErrorActivity t417}, ActivityRecord{46c17c5 u0 com.pierretulle.kiko/.MainActivity t417}]
