02-05 20:15:02.882  4021  5074 W RecentsModel: getRunningTask   taskInfo=TaskInfo{userId=0 taskId=417 displayId=0 isRunning=true baseIntent=Intent { act=android.intent.action.MAIN cat=[android.intent.category.LAUNCHER] flg=0x10200000 cmp=com.pierretulle.kiko/.MainActivity } baseActivity=ComponentInfo{com.pierretulle.kiko/com.pierretulle.kiko.MainActivity} topActivity=ComponentInfo{com.pierretulle.kiko/expo.modules.devlauncher.launcher.errors.DevLauncherErrorActivity} origActivity=null realActivity=ComponentInfo{com.pierretulle.kiko/com.pierretulle.kiko.MainActivity} numActivities=2 lastActiveTime=48225026 supportsSplitScreenMultiWindow=true supportsMultiWindow=true resizeMode=1 isResizeable=true minWidth=-1 minHeight=-1 defaultMinSize=200 token=WCT{android.window.IWindowContainerToken$Stub$Proxy@b19c345} topActivityType=1 pictureInPictureParams=null shouldDockBigOverlays=false launchIntoPipHostTaskId=-1 lastParentTaskIdBeforePip=-1 displayCutoutSafeInsets=Rect(0, 94 - 0, 0) topActivityInfo=ActivityInfo{fd55a9a expo.modules.devlauncher.launcher.errors.DevLauncherErrorActivity} launchCookies=[] positionInParent=Point(0, 0) parentTaskId=-1 isFocused=true isVisible=true isVisibleRequested=true isSleeping=false topActivityInSizeCompat=false topActivityInMiuiSizeCompat=false topActivityEligibleForLetterboxEducation= false topActivityLetterboxed= false isFromDoubleTap= false topActivityLetterboxVerticalPosition= -1 topActivityLetterboxHorizontalPosition= -1 topActivityLetterboxWidth=-1 topActivityLetterboxHeight=-1 locusId=null displayAreaFeatureId=1 cameraCompatControlState=hidden mIsCastMode=false mTopActivityMediaSize=null mTopActivityRecordName=ActivityRecord{7a13417 u0 com.pierretulle.kiko/expo.modules.devlauncher.launcher.errors.DevLauncherErrorActivity t417} mTopActivityOrientation=1 mTopActivityWindowIsNowVisible=true isTranslucent=false isEmbedded=false shouldBeVisible=true isImmersive=false mBehindAppLockPkg=null mOriginatingUid=0}
02-05 20:15:02.886  4598  4598 D KeyguardEditorHelper: onTopActivityMayChanged, topActivity=ComponentInfo{com.pierretulle.kiko/expo.modules.devlauncher.launcher.errors.DevLauncherErrorActivity}; mState=IDEL
02-05 20:15:02.932  4021  5074 W RecentsModel: getRunningTask   taskInfo=TaskInfo{userId=0 taskId=417 displayId=0 isRunning=true baseIntent=Intent { act=android.intent.action.MAIN cat=[android.intent.category.LAUNCHER] flg=0x10200000 cmp=com.pierretulle.kiko/.MainActivity } baseActivity=ComponentInfo{com.pierretulle.kiko/com.pierretulle.kiko.MainActivity} topActivity=ComponentInfo{com.pierretulle.kiko/expo.modules.devlauncher.launcher.errors.DevLauncherErrorActivity} origActivity=null realActivity=ComponentInfo{com.pierretulle.kiko/com.pierretulle.kiko.MainActivity} numActivities=2 lastActiveTime=48225077 supportsSplitScreenMultiWindow=true supportsMultiWindow=true resizeMode=1 isResizeable=true minWidth=-1 minHeight=-1 defaultMinSize=200 token=WCT{android.window.IWindowContainerToken$Stub$Proxy@c8eafcb} topActivityType=1 pictureInPictureParams=null shouldDockBigOverlays=false launchIntoPipHostTaskId=-1 lastParentTaskIdBeforePip=-1 displayCutoutSafeInsets=Rect(0, 94 - 0, 0) topActivityInfo=ActivityInfo{452e3a8 expo.modules.devlauncher.launcher.errors.DevLauncherErrorActivity} launchCookies=[] positionInParent=Point(0, 0) parentTaskId=-1 isFocused=true isVisible=true isVisibleRequested=true isSleeping=false topActivityInSizeCompat=false topActivityInMiuiSizeCompat=false topActivityEligibleForLetterboxEducation= false topActivityLetterboxed= false isFromDoubleTap= false topActivityLetterboxVerticalPosition= -1 topActivityLetterboxHorizontalPosition= -1 topActivityLetterboxWidth=-1 topActivityLetterboxHeight=-1 locusId=null displayAreaFeatureId=1 cameraCompatControlState=hidden mIsCastMode=false mTopActivityMediaSize=null mTopActivityRecordName=ActivityRecord{7a13417 u0 com.pierretulle.kiko/expo.modules.devlauncher.launcher.errors.DevLauncherErrorActivity t417} mTopActivityOrientation=1 mTopActivityWindowIsNowVisible=true isTranslucent=false isEmbedded=false shouldBeVisible=true isImmersive=false mBehindAppLockPkg=null mOriginatingUid=0}
02-05 20:15:03.328  2511  7120 I ActivityTaskManager: resumeTopActivityInnerLocked topActivity:ActivityRecord{7a13417 u0 com.pierretulle.kiko/expo.modules.devlauncher.launcher.errors.DevLauncherErrorActivity t417} isFocusable:true this:Task{ec66ddc #417 type=standard A=10382:com.pierretulle.kiko}
02-05 20:15:04.798  4482  4994 I QcrilOemhookMsgTunnel: [0]processOemHookResponse serial no: 2999 error: 0length=4
02-05 20:15:04.802  4482  4994 I QcrilOemhookMsgTunnel: [0]processOemHookResponse serial no: 3000 error: 0length=0
02-05 20:15:09.584  2511  3775 E ProcessManager: error write exception log
02-05 20:15:58.093  4482  4994 I QcrilOemhookMsgTunnel: [0]processOemHookResponse serial no: 3001 error: 0length=20
02-05 20:16:02.475  2511  3775 E ProcessManager: error write exception log
02-05 20:16:02.488  4598  4796 D MiuiFullScreenTaskRepository: setFocusedTask taskId=417, topActivity=ComponentInfo{com.pierretulle.kiko/expo.modules.devlauncher.launcher.errors.DevLauncherErrorActivity}
02-05 20:16:02.488  4598  4796 D MiuiFullScreenTaskRepository: addOrUpdateFullScreenTaskInfo taskId=417, topActivity=ComponentInfo{com.pierretulle.kiko/expo.modules.devlauncher.launcher.errors.DevLauncherErrorActivity}
02-05 20:16:02.515  2511  3775 E ProcessManager: error write exception log
02-05 20:16:02.579 10632 26022 W NetworkScheduler: Error inserting flex_time=916000 job_id=-1 period=1834000 source=16 requires_charging=0 preferred_network_type=1 target_class=com.google.android.gms.measurement.PackageMeasurementTaskService user_id=0 target_package=com.google.android.gms tag=Measurement.PackageMeasurementTaskService.UPLOAD_TASK_TAG task_type=0 required_idleness_state=0 service_kind=0 source_version=250335000 persistence_level=1 preferred_charging_state=1 required_network_type=0 runtime=1738782962577 retry_strategy={"maximum_backoff_seconds":{"3600":0},"initial_backoff_seconds":{"30":0},"retry_policy":{"0":0}} last_runtime=0 [CONTEXT service_id=218 ]
02-05 20:16:02.584  4021  5074 W RecentsModel: getRunningTask   taskInfo=TaskInfo{userId=0 taskId=417 displayId=0 isRunning=true baseIntent=Intent { act=android.intent.action.MAIN cat=[android.intent.category.LAUNCHER] flg=0x10200000 cmp=com.pierretulle.kiko/.MainActivity } baseActivity=ComponentInfo{com.pierretulle.kiko/com.pierretulle.kiko.MainActivity} topActivity=ComponentInfo{com.pierretulle.kiko/expo.modules.devlauncher.launcher.errors.DevLauncherErrorActivity} origActivity=null realActivity=ComponentInfo{com.pierretulle.kiko/com.pierretulle.kiko.MainActivity} numActivities=2 lastActiveTime=48284592 supportsSplitScreenMultiWindow=true supportsMultiWindow=true resizeMode=1 isResizeable=true minWidth=-1 minHeight=-1 defaultMinSize=200 token=WCT{android.window.IWindowContainerToken$Stub$Proxy@4984ec1} topActivityType=1 pictureInPictureParams=null shouldDockBigOverlays=false launchIntoPipHostTaskId=-1 lastParentTaskIdBeforePip=-1 displayCutoutSafeInsets=Rect(0, 94 - 0, 0) topActivityInfo=ActivityInfo{71e8666 expo.modules.devlauncher.launcher.errors.DevLauncherErrorActivity} launchCookies=[] positionInParent=Point(0, 0) parentTaskId=-1 isFocused=true isVisible=false isVisibleRequested=false isSleeping=true topActivityInSizeCompat=false topActivityInMiuiSizeCompat=false topActivityEligibleForLetterboxEducation= false topActivityLetterboxed= false isFromDoubleTap= false topActivityLetterboxVerticalPosition= -1 topActivityLetterboxHorizontalPosition= -1 topActivityLetterboxWidth=-1 topActivityLetterboxHeight=-1 locusId=null displayAreaFeatureId=1 cameraCompatControlState=hidden mIsCastMode=false mTopActivityMediaSize=null mTopActivityRecordName=ActivityRecord{7a13417 u0 com.pierretulle.kiko/expo.modules.devlauncher.launcher.errors.DevLauncherErrorActivity t417} mTopActivityOrientation=-2 mTopActivityWindowIsNowVisible=false isTranslucent=false isEmbedded=false shouldBeVisible=true isImmersive=false mBehindAppLockPkg=null mOriginatingUid=0}
02-05 20:16:02.776  1418  7832 D NxpTml  : PN54X - Error in I2C Write.....
02-05 20:16:02.776  1418  7834 D NxpHal  : write error status = 0x1ff
02-05 20:16:02.961 26035 26035 E zygote64: Failed to parse /product/etc/mfz.xml: Tinyxml2 error (3): Error=XML_ERROR_FILE_NOT_FOUND ErrorID=3 (0x3) Line number=0: filename=/product/etc/mfz.xml
02-05 20:16:02.989  4482  4994 I QcrilOemhookMsgTunnel: [0]processOemHookResponse serial no: 3002 error: 0length=1
02-05 20:16:03.063  6872  7919 I epmn    : #logRequestHandlingNonErrorEndEvent. Reset requestIdOfFirstError, firstStartErrorCausesRetry and numOfRetriesDoneForHotwordDetectorStartErrors!
02-05 20:16:06.579  4482  4994 I QcrilOemhookMsgTunnel: [0]processOemHookResponse serial no: 3003 error: 0length=4
02-05 20:16:06.588  4482  4994 I QcrilOemhookMsgTunnel: [0]processOemHookResponse serial no: 3004 error: 0length=0
02-05 20:19:18.591  2511  3119 W BatteryExternalStatsWorker: error reading Bluetooth stats: 11
02-05 20:19:18.658   992  1012 E android.system.suspend-service: Error opening kernel wakelock stats for: wakeup14 (../../devices/platform/soc/soc:fingerprint_goodix/wakeup/wakeup14): Permission denied
02-05 20:19:18.662   992  1012 E android.system.suspend-service: Error opening kernel wakelock stats for: wakeup7 (../../devices/platform/soc/soc:fingerprint_fpc/wakeup/wakeup7): Permission denied
02-05 20:19:18.665   992  1012 E android.system.suspend-service: Error opening kernel wakelock stats for: wakeup20 (../../devices/platform/soc/c42d000.qcom,spmi/spmi-0/0-00/c42d000.qcom,spmi:qcom,pmk8350@0:pon_hlos@1300/c42d000.qcom,spmi:qcom,pmk8350@0:pon_hlos@1300:pwrkey-resin-bark/wakeup/wakeup20): Permission denied
02-05 20:19:18.668   992  1012 E android.system.suspend-service: Error opening kernel wakelock stats for: wakeup29 (../../devices/platform/soc/990000.spi/spi_master/spi0/spi0.0/wakeup/wakeup29): Permission denied
02-05 20:19:18.669   992  1012 E android.system.suspend-service: Error opening kernel wakelock stats for: wakeup19 (../../devices/platform/soc/c42d000.qcom,spmi/spmi-0/0-00/c42d000.qcom,spmi:qcom,pmk8350@0:pon_hlos@1300/c42d000.qcom,spmi:qcom,pmk8350@0:pon_hlos@1300:pwrkey-bark/wakeup/wakeup19): Permission denied
02-05 20:19:18.677   992  1012 E android.system.suspend-service: Error opening kernel wakelock stats for: wakeup8 (../../devices/platform/soc/soc:fingerprint_fpc/wakeup/wakeup8): Permission denied
02-05 20:19:38.846  2511  4969 W BatteryExternalStatsWorker: error reading Bluetooth stats: 11
02-05 20:19:38.915   992  1012 E android.system.suspend-service: Error opening kernel wakelock stats for: wakeup14 (../../devices/platform/soc/soc:fingerprint_goodix/wakeup/wakeup14): Permission denied
02-05 20:19:38.917   992  1012 E android.system.suspend-service: Error opening kernel wakelock stats for: wakeup7 (../../devices/platform/soc/soc:fingerprint_fpc/wakeup/wakeup7): Permission denied
02-05 20:19:38.920   992  1012 E android.system.suspend-service: Error opening kernel wakelock stats for: wakeup20 (../../devices/platform/soc/c42d000.qcom,spmi/spmi-0/0-00/c42d000.qcom,spmi:qcom,pmk8350@0:pon_hlos@1300/c42d000.qcom,spmi:qcom,pmk8350@0:pon_hlos@1300:pwrkey-resin-bark/wakeup/wakeup20): Permission denied
02-05 20:19:38.922   992  1012 E android.system.suspend-service: Error opening kernel wakelock stats for: wakeup29 (../../devices/platform/soc/990000.spi/spi_master/spi0/spi0.0/wakeup/wakeup29): Permission denied
02-05 20:19:38.922   992  1012 E android.system.suspend-service: Error opening kernel wakelock stats for: wakeup19 (../../devices/platform/soc/c42d000.qcom,spmi/spmi-0/0-00/c42d000.qcom,spmi:qcom,pmk8350@0:pon_hlos@1300/c42d000.qcom,spmi:qcom,pmk8350@0:pon_hlos@1300:pwrkey-bark/wakeup/wakeup19): Permission denied
02-05 20:19:38.926   992  1012 E android.system.suspend-service: Error opening kernel wakelock stats for: wakeup8 (../../devices/platform/soc/soc:fingerprint_fpc/wakeup/wakeup8): Permission denied
02-05 20:23:49.069  2511  4854 W BatteryExternalStatsWorker: error reading Bluetooth stats: 11
02-05 20:23:49.116   992  1012 E android.system.suspend-service: Error opening kernel wakelock stats for: wakeup14 (../../devices/platform/soc/soc:fingerprint_goodix/wakeup/wakeup14): Permission denied
02-05 20:23:49.118   992  1012 E android.system.suspend-service: Error opening kernel wakelock stats for: wakeup7 (../../devices/platform/soc/soc:fingerprint_fpc/wakeup/wakeup7): Permission denied
02-05 20:23:49.120   992  1012 E android.system.suspend-service: Error opening kernel wakelock stats for: wakeup20 (../../devices/platform/soc/c42d000.qcom,spmi/spmi-0/0-00/c42d000.qcom,spmi:qcom,pmk8350@0:pon_hlos@1300/c42d000.qcom,spmi:qcom,pmk8350@0:pon_hlos@1300:pwrkey-resin-bark/wakeup/wakeup20): Permission denied
02-05 20:23:49.122   992  1012 E android.system.suspend-service: Error opening kernel wakelock stats for: wakeup29 (../../devices/platform/soc/990000.spi/spi_master/spi0/spi0.0/wakeup/wakeup29): Permission denied
02-05 20:23:49.122   992  1012 E android.system.suspend-service: Error opening kernel wakelock stats for: wakeup19 (../../devices/platform/soc/c42d000.qcom,spmi/spmi-0/0-00/c42d000.qcom,spmi:qcom,pmk8350@0:pon_hlos@1300/c42d000.qcom,spmi:qcom,pmk8350@0:pon_hlos@1300:pwrkey-bark/wakeup/wakeup19): Permission denied
02-05 20:23:49.128   992  1012 E android.system.suspend-service: Error opening kernel wakelock stats for: wakeup8 (../../devices/platform/soc/soc:fingerprint_fpc/wakeup/wakeup8): Permission denied
02-05 20:23:50.183  2511  3775 E ProcessManager: error write exception log
02-05 20:23:50.202  2511  3775 E ProcessManager: error write exception log
02-05 20:24:16.047  1349  2506 E LocSvc_APIClientBase: onResponseCb:909] ERROR: 5 ID: 297
02-05 20:24:49.250  2511  3679 W BatteryExternalStatsWorker: error reading Bluetooth stats: 11
02-05 20:26:46.303  1359 26536 E libprotobuf-native: [libprotobuf ERROR external/protobuf/src/google/protobuf/message_lite.cc:123] Can't parse message of type "sns_proximity_event_recurrent" because it is missing required fields: (cannot determine missing fields for lite message)
02-05 20:26:46.313  1418  7832 D NxpTml  : PN54X - Error in I2C Write.....
02-05 20:26:46.313  1418  7834 D NxpHal  : write error status = 0x1ff
02-05 20:26:46.476  2511  3775 E ProcessManager: error write exception log
02-05 20:26:46.522  1576  6452 I IPCThreadState: oneway function results for code 903 on binder at 0xb400007706015660 will be dropped but finished with status 1 (Unknown error -1)
02-05 20:26:46.523  1576  6452 I IPCThreadState: oneway function results for code 904 on binder at 0xb400007706015660 will be dropped but finished with status 1 (Unknown error -1)
02-05 20:26:46.523  1576  6452 I IPCThreadState: oneway function results for code 903 on binder at 0xb400007706015660 will be dropped but finished with status 1 (Unknown error -1)
02-05 20:26:46.631  4482  4994 I QcrilOemhookMsgTunnel: [0]processOemHookResponse serial no: 3005 error: 0length=1
02-05 20:26:46.640  1359 26539 E libprotobuf-native: [libprotobuf ERROR external/protobuf/src/google/protobuf/message_lite.cc:123] Can't parse message of type "sns_oem2_data" because it is missing required fields: (cannot determine missing fields for lite message)
02-05 20:26:47.173  2511  3775 E ProcessManager: error write exception log
02-05 20:26:47.792  2286  2678 D [GF_HAL][gf_hal_milan]: [hal_milan_authenticate_success] save_flag=0, fake_error_code=5021000
02-05 20:26:47.799  2511  2511 D Biometrics/AuthenticationClient: Error adding auth token : 0
02-05 20:26:47.828  2511  7144 I ActivityTaskManager: resumeTopActivityInnerLocked topActivity:ActivityRecord{7a13417 u0 com.pierretulle.kiko/expo.modules.devlauncher.launcher.errors.DevLauncherErrorActivity t417} isFocusable:true this:Task{ec66ddc #417 type=standard A=10382:com.pierretulle.kiko}
02-05 20:26:47.837  2511  7144 D WindowManager: Collecting in transition 263: ActivityRecord{7a13417 u0 com.pierretulle.kiko/expo.modules.devlauncher.launcher.errors.DevLauncherErrorActivity t417} init visibleRequested:false
02-05 20:26:47.841  2511  7144 D WindowManager: Collecting in transition 263: ActivityRecord{7a13417 u0 com.pierretulle.kiko/expo.modules.devlauncher.launcher.errors.DevLauncherErrorActivity t417} init visibleRequested:true
02-05 20:26:47.846  2286  2678 E [GF_HAL][gf_hal_frr_database]: [gf_hal_write_auth_record] /data/vendor/gf_data/auth_ratio_database.db can't open file. err=GF_ERROR_FILE_OPEN_FAILED, errno=1078
02-05 20:26:47.847  2286  2678 E [GF_HAL][gf_hal_frr_database]: [gf_hal_write_auth_record] exit. err=GF_ERROR_FILE_OPEN_FAILED, errno=1078
02-05 20:26:47.847  2286  2678 E [GF_HAL][gf_hal_frr_database]: [gf_hal_save_auth_ratio_record] exit. err=GF_ERROR_FILE_OPEN_FAILED, errno=1078
02-05 20:26:47.847  2286  2678 E [GF_HAL][gf_hal_frr_database]: [gf_hal_handle_frr_database] exit. err=GF_ERROR_MKDIR_FAILED, errno=1077
02-05 20:26:47.848  2511  7144 I ActivityTaskManager: resumeTopActivityInnerLocked topActivity:ActivityRecord{7a13417 u0 com.pierretulle.kiko/expo.modules.devlauncher.launcher.errors.DevLauncherErrorActivity t417} isFocusable:true this:Task{ec66ddc #417 type=standard A=10382:com.pierretulle.kiko}
02-05 20:26:47.865  2511  7144 I ActivityTaskManager: resumeTopActivityInnerLocked topActivity:ActivityRecord{7a13417 u0 com.pierretulle.kiko/expo.modules.devlauncher.launcher.errors.DevLauncherErrorActivity t417} isFocusable:true this:Task{ec66ddc #417 type=standard A=10382:com.pierretulle.kiko}
02-05 20:26:47.865  2511  7144 I ActivityTaskManager: resumeTopActivityInnerLocked topActivity:ActivityRecord{7a13417 u0 com.pierretulle.kiko/expo.modules.devlauncher.launcher.errors.DevLauncherErrorActivity t417} isFocusable:true this:Task{ec66ddc #417 type=standard A=10382:com.pierretulle.kiko}
02-05 20:26:47.865  2511  7144 I ActivityTaskManager: resumeTopActivityInnerLocked topActivity:ActivityRecord{7a13417 u0 com.pierretulle.kiko/expo.modules.devlauncher.launcher.errors.DevLauncherErrorActivity t417} isFocusable:true this:Task{ec66ddc #417 type=standard A=10382:com.pierretulle.kiko}
02-05 20:26:47.866  2511  7144 I ActivityTaskManager: resumeTopActivityInnerLocked topActivity:ActivityRecord{7a13417 u0 com.pierretulle.kiko/expo.modules.devlauncher.launcher.errors.DevLauncherErrorActivity t417} isFocusable:true this:Task{ec66ddc #417 type=standard A=10382:com.pierretulle.kiko}
02-05 20:26:47.866  2511  7144 I ActivityTaskManager: resumeTopActivityInnerLocked topActivity:ActivityRecord{7a13417 u0 com.pierretulle.kiko/expo.modules.devlauncher.launcher.errors.DevLauncherErrorActivity t417} isFocusable:true this:Task{ec66ddc #417 type=standard A=10382:com.pierretulle.kiko}
02-05 20:26:47.870  4598  4796 D MiuiFullScreenTaskRepository: setFocusedTask taskId=417, topActivity=ComponentInfo{com.pierretulle.kiko/expo.modules.devlauncher.launcher.errors.DevLauncherErrorActivity}
02-05 20:26:47.870  4598  4796 D MiuiFullScreenTaskRepository: addOrUpdateFullScreenTaskInfo taskId=417, topActivity=ComponentInfo{com.pierretulle.kiko/expo.modules.devlauncher.launcher.errors.DevLauncherErrorActivity}
02-05 20:26:47.873  2511  7151 I BLASTSyncEngine: SyncGroup 263:  Unfinished container:ActivityRecord{7a13417 u0 com.pierretulle.kiko/expo.modules.devlauncher.launcher.errors.DevLauncherErrorActivity t417}
02-05 20:26:47.873  2511  7151 I BLASTSyncEngine: isActivitySyncFinished isSyncFinished false ActivityRecord{7a13417 u0 com.pierretulle.kiko/expo.modules.devlauncher.launcher.errors.DevLauncherErrorActivity t417}
02-05 20:26:47.889  2511  7144 I BLASTSyncEngine: SyncGroup 263:  Unfinished container:ActivityRecord{7a13417 u0 com.pierretulle.kiko/expo.modules.devlauncher.launcher.errors.DevLauncherErrorActivity t417}
02-05 20:26:47.889  2511  7144 I BLASTSyncEngine: isActivitySyncFinished isSyncFinished false ActivityRecord{7a13417 u0 com.pierretulle.kiko/expo.modules.devlauncher.launcher.errors.DevLauncherErrorActivity t417}
02-05 20:26:47.894  4598 20643 D MiuiFreeformModeObserver: activityResumed() intent： Intent { cmp=com.pierretulle.kiko/expo.modules.devlauncher.launcher.errors.DevLauncherErrorActivity (has extras) }
02-05 20:26:47.896  4021  4021 D RecentsImpl: mActivityStateObserver expo.modules.devlauncher.launcher.errors.DevLauncherErrorActivity
02-05 20:26:47.903  4021  4021 W RecentsImpl: onResumed className=expo.modules.devlauncher.launcher.errors.DevLauncherErrorActivity   mIsInAnotherPro=false   isKeyguardLocked=true   mSecuritySpaceGuideShown=false
02-05 20:26:47.918  2511  7144 I BLASTSyncEngine: SyncGroup 263:  Unfinished container:ActivityRecord{7a13417 u0 com.pierretulle.kiko/expo.modules.devlauncher.launcher.errors.DevLauncherErrorActivity t417}
02-05 20:26:47.918  2511  7144 I BLASTSyncEngine: isActivitySyncFinished isSyncFinished false ActivityRecord{7a13417 u0 com.pierretulle.kiko/expo.modules.devlauncher.launcher.errors.DevLauncherErrorActivity t417}
02-05 20:26:47.934  3867  3867 D VRI[DevLauncherErrorActivity]: vri.reportNextDraw android.view.ViewRootImpl.performTraversals:4293 android.view.ViewRootImpl.doTraversal:2933 android.view.ViewRootImpl$TraversalRunnable.run:10224 android.view.Choreographer$CallbackRecord.run:1645 android.view.Choreographer$CallbackRecord.run:1654 
02-05 20:26:47.934  3867  3867 D VRI[DevLauncherErrorActivity]: vri.Setup new sync=wmsSync-VRI[DevLauncherErrorActivity]#90
02-05 20:26:47.937  2511  4768 I BLASTSyncEngine: SyncGroup 263:  Unfinished container:ActivityRecord{7a13417 u0 com.pierretulle.kiko/expo.modules.devlauncher.launcher.errors.DevLauncherErrorActivity t417}
02-05 20:26:47.937  2511  4768 I BLASTSyncEngine: isActivitySyncFinished isSyncFinished false ActivityRecord{7a13417 u0 com.pierretulle.kiko/expo.modules.devlauncher.launcher.errors.DevLauncherErrorActivity t417}
02-05 20:26:47.977  4598  4796 D MiuiFullScreenTaskRepository: setFocusedTask taskId=417, topActivity=ComponentInfo{com.pierretulle.kiko/expo.modules.devlauncher.launcher.errors.DevLauncherErrorActivity}
02-05 20:26:47.977  4598  4796 D MiuiFullScreenTaskRepository: addOrUpdateFullScreenTaskInfo taskId=417, topActivity=ComponentInfo{com.pierretulle.kiko/expo.modules.devlauncher.launcher.errors.DevLauncherErrorActivity}
02-05 20:26:47.979  3867  3867 D VRI[DevLauncherErrorActivity]: vri.reportDrawFinished
02-05 20:26:47.983  2511  2569 D WindowManager: wms.finishDrawingLocked: mDrawState=COMMIT_DRAW_PENDING Window{6208f0f u0 com.pierretulle.kiko/expo.modules.devlauncher.launcher.errors.DevLauncherErrorActivity} in Surface(name=com.pierretulle.kiko/expo.modules.devlauncher.launcher.errors.DevLauncherErrorActivity#5023)/@0xa420b14
02-05 20:26:47.989  2511  2730 I WindowManager: wms.showSurfaceRobustly mWin:Window{6208f0f u0 com.pierretulle.kiko/expo.modules.devlauncher.launcher.errors.DevLauncherErrorActivity}
02-05 20:26:47.997  3867  3867 D VRI[DevLauncherErrorActivity]: vri.reportNextDraw android.view.ViewRootImpl.handleResized:2276 android.view.ViewRootImpl.-$$Nest$mhandleResized:0 android.view.ViewRootImpl$ViewRootHandler.handleMessageImpl:6597 android.view.ViewRootImpl$ViewRootHandler.handleMessage:6566 android.os.Handler.dispatchMessage:106 
02-05 20:26:47.999  3867  3867 D VRI[DevLauncherErrorActivity]: vri.Setup new sync=wmsSync-VRI[DevLauncherErrorActivity]#92
02-05 20:26:48.008  3867  3867 D VRI[DevLauncherErrorActivity]: vri.reportDrawFinished
02-05 20:26:48.143  2511  2569 D WindowManager: wms.Input focus has changed to Window{6208f0f u0 com.pierretulle.kiko/expo.modules.devlauncher.launcher.errors.DevLauncherErrorActivity} display=0 updateInputWindows = true
02-05 20:26:48.144  1576  1724 I SurfaceFlinger: sf.setTransactionState focusRequest transactionId:10784662915575 frontWin:6208f0f com.pierretulle.kiko/expo.modules.devlauncher.launcher.errors.DevLauncherErrorActivity
02-05 20:26:48.179  1418  7832 D NxpTml  : PN54X - Error in I2C Write.....
02-05 20:26:48.179  1418  7834 D NxpHal  : write error status = 0x1ff
02-05 20:26:48.180  8357 25396 E com.miui.appmanager.AppManageUtils: startScan error
02-05 20:26:48.186  3867 30892 W RenderInspector: DequeueBuffer time out on com.pierretulle.kiko/expo.modules.devlauncher.launcher.errors.DevLauncherErrorActivity, count=1, avg=10 ms, max=10 ms.
02-05 20:26:48.635  4021  4021 W RecentsImpl: getTopActivity from observer.   cn=ComponentInfo{com.pierretulle.kiko/expo.modules.devlauncher.launcher.errors.DevLauncherErrorActivity}
02-05 20:26:48.636  4021  4021 W RecentsImpl: adaptToTopActivity   cn=ComponentInfo{com.pierretulle.kiko/expo.modules.devlauncher.launcher.errors.DevLauncherErrorActivity}
02-05 20:26:48.636  4021  4021 W RecentsImpl: onResumed className=expo.modules.devlauncher.launcher.errors.DevLauncherErrorActivity   mIsInAnotherPro=false   isKeyguardLocked=false   mSecuritySpaceGuideShown=false
02-05 20:26:48.792  6872  7921 I epmn    : #logRequestHandlingNonErrorEndEvent. Reset requestIdOfFirstError, firstStartErrorCausesRetry and numOfRetriesDoneForHotwordDetectorStartErrors!
02-05 20:26:49.118  2511  3338 D MIUIInput: [MotionEvent] publisher action=0x0, 24938431, channel '6208f0f com.pierretulle.kiko/expo.modules.devlauncher.launcher.errors.DevLauncherErrorActivity (server)'
02-05 20:26:49.141  2511  4969 D PerfShielderService: com.pierretulle.kiko|com.pierretulle.kiko/expo.modules.devlauncher.launcher.errors.DevLauncherErrorActivity|99|24937620660641|30|5|7
02-05 20:26:49.158  3867 30892 W RenderInspector: DequeueBuffer time out on com.pierretulle.kiko/expo.modules.devlauncher.launcher.errors.DevLauncherErrorActivity, count=7, avg=12 ms, max=15 ms.
02-05 20:26:49.188  2511  3338 D MIUIInput: [MotionEvent] publisher action=0x1, 24938505, channel '6208f0f com.pierretulle.kiko/expo.modules.devlauncher.launcher.errors.DevLauncherErrorActivity (server)'
02-05 20:26:49.484  2511  4969 D WindowManager: Collecting in transition 264: ActivityRecord{7a13417 u0 com.pierretulle.kiko/expo.modules.devlauncher.launcher.errors.DevLauncherErrorActivity t417 f}} init visibleRequested:true
02-05 20:26:49.484  2511  4969 D WindowManager: Collecting in transition 264: ActivityRecord{7a13417 u0 com.pierretulle.kiko/expo.modules.devlauncher.launcher.errors.DevLauncherErrorActivity t417 f}} init visibleRequested:true
02-05 20:26:49.499  2511  2730 D WindowManager: wms.Focus not requested for window=Window{6208f0f u0 com.pierretulle.kiko/expo.modules.devlauncher.launcher.errors.DevLauncherErrorActivity} because it has no surface or is not focusable.
02-05 20:26:49.518  2511  2730 D WindowManager: wms.Focus not requested for window=Window{6208f0f u0 com.pierretulle.kiko/expo.modules.devlauncher.launcher.errors.DevLauncherErrorActivity} because it has no surface or is not focusable.
02-05 20:26:49.574  2511  2730 D WindowManager: Final targets: [ActivityRecord{81361e9 u0 com.pierretulle.kiko/.MainActivity t417}, ActivityRecord{7a13417 u0 com.pierretulle.kiko/expo.modules.devlauncher.launcher.errors.DevLauncherErrorActivity t417 f}}]
02-05 20:26:49.575  2511  2730 D WindowManager: Calling onTransitionReady info={id=264 t=OPEN f=0x0 trk=0 r=[0@Point(0, 0)] c=[{null m=OPEN f=FILLS_TASK|IS_BEHIND_STARTING_WINDOW|NO_ANIMATION leash=Surface(name=ActivityRecord{81361e9 u0 com.pierretulle.kiko/.MainActivity t417}#5055)/@0xe28e434 sb=Rect(0, 0 - 0, 0) eb=Rect(0, 0 - 1080, 2400) d=-1->0 r=-1->0:-1},{null m=CLOSE f=FILLS_TASK|IS_BEHIND_STARTING_WINDOW leash=Surface(name=ActivityRecord{7a13417 u0 com.pierretulle.kiko/expo.modules.devlauncher.launcher.errors.DevLauncherErrorActivity t417}#4751)/@0xeb14e91 sb=Rect(0, 0 - 1080, 2400) eb=Rect(0, 0 - 1080, 2400) d=0}] noAni=[false] oa=[true]}, mToken=Token{cd0f7d2 TransitionRecord{427690f id=264 type=OPEN flags=0x0}}
02-05 20:26:49.580  4598  4796 D MiuiFreeformAnimation: startAnimation change: {null m=CLOSE f=FILLS_TASK|IS_BEHIND_STARTING_WINDOW leash=Surface(name=ActivityRecord{7a13417 u0 com.pierretulle.kiko/expo.modules.devlauncher.launcher.errors.DevLauncherErrorActivity t417}#4751)/@0x7f4e2c4 sb=Rect(0, 0 - 1080, 2400) eb=Rect(0, 0 - 1080, 2400) d=0} info.getType(): 1
02-05 20:26:49.600 10632 26662 W NetworkScheduler: Error inserting flex_time=269000 job_id=-1 period=540000 source=16 requires_charging=0 preferred_network_type=1 target_class=com.google.android.gms.measurement.PackageMeasurementTaskService user_id=0 target_package=com.google.android.gms tag=Measurement.PackageMeasurementTaskService.UPLOAD_TASK_TAG task_type=0 required_idleness_state=0 service_kind=0 source_version=250335000 persistence_level=1 preferred_charging_state=1 required_network_type=0 runtime=1738783609590 retry_strategy={"maximum_backoff_seconds":{"3600":0},"initial_backoff_seconds":{"30":0},"retry_policy":{"0":0}} last_runtime=0 [CONTEXT service_id=218 ]
02-05 20:26:49.632 10632 26458 W NetworkScheduler: Error inserting flex_time=269000 job_id=-1 period=540000 source=16 requires_charging=0 preferred_network_type=1 target_class=com.google.android.gms.measurement.PackageMeasurementTaskService user_id=0 target_package=com.google.android.gms tag=Measurement.PackageMeasurementTaskService.UPLOAD_TASK_TAG task_type=0 required_idleness_state=0 service_kind=0 source_version=250335000 persistence_level=1 preferred_charging_state=1 required_network_type=0 runtime=1738783609631 retry_strategy={"maximum_backoff_seconds":{"3600":0},"initial_backoff_seconds":{"30":0},"retry_policy":{"0":0}} last_runtime=0 [CONTEXT service_id=218 ]
02-05 20:26:49.788  2511  7120 D CoreBackPreview: Window{6208f0f u0 com.pierretulle.kiko/expo.modules.devlauncher.launcher.errors.DevLauncherErrorActivity}: Setting back callback null
02-05 20:26:49.790  2511  7120 W InputManager-JNI: Input channel object '6208f0f com.pierretulle.kiko/expo.modules.devlauncher.launcher.errors.DevLauncherErrorActivity (client)' was disposed without first being removed with the input manager!
02-05 20:26:50.484  4482  4994 I QcrilOemhookMsgTunnel: [0]processOemHookResponse serial no: 3006 error: 0length=4
02-05 20:26:50.490  4482  4994 I QcrilOemhookMsgTunnel: [0]processOemHookResponse serial no: 3007 error: 0length=0
02-05 20:26:53.017  2511  3775 E ProcessManager: error write exception log
02-05 20:26:55.252 31543 31684 E chromium: [ERROR:tile_manager.cc(937)] WARNING: tile memory limits exceeded, some content may not draw
02-05 20:26:55.252 31543 31684 E chromium: [ERROR:tile_manager.cc(937)] WARNING: tile memory limits exceeded, some content may not draw
02-05 20:26:55.819 31543 31684 E chromium: [ERROR:tile_manager.cc(937)] WARNING: tile memory limits exceeded, some content may not draw
02-05 20:26:55.819 31543 31684 E chromium: [ERROR:tile_manager.cc(937)] WARNING: tile memory limits exceeded, some content may not draw
02-05 20:27:43.669  4482  4994 I QcrilOemhookMsgTunnel: [0]processOemHookResponse serial no: 3008 error: 0length=20
02-05 20:28:40.695  4482  4994 I QcrilOemhookMsgTunnel: [0]processOemHookResponse serial no: 3009 error: 0length=20
02-05 20:29:17.822  2511  8731 W BatteryExternalStatsWorker: error reading Bluetooth stats: 11
02-05 20:29:17.913   992  1012 E android.system.suspend-service: Error opening kernel wakelock stats for: wakeup14 (../../devices/platform/soc/soc:fingerprint_goodix/wakeup/wakeup14): Permission denied
02-05 20:29:17.916   992  1012 E android.system.suspend-service: Error opening kernel wakelock stats for: wakeup7 (../../devices/platform/soc/soc:fingerprint_fpc/wakeup/wakeup7): Permission denied
02-05 20:29:17.919   992  1012 E android.system.suspend-service: Error opening kernel wakelock stats for: wakeup20 (../../devices/platform/soc/c42d000.qcom,spmi/spmi-0/0-00/c42d000.qcom,spmi:qcom,pmk8350@0:pon_hlos@1300/c42d000.qcom,spmi:qcom,pmk8350@0:pon_hlos@1300:pwrkey-resin-bark/wakeup/wakeup20): Permission denied
02-05 20:29:17.921   992  1012 E android.system.suspend-service: Error opening kernel wakelock stats for: wakeup29 (../../devices/platform/soc/990000.spi/spi_master/spi0/spi0.0/wakeup/wakeup29): Permission denied
02-05 20:29:17.922   992  1012 E android.system.suspend-service: Error opening kernel wakelock stats for: wakeup19 (../../devices/platform/soc/c42d000.qcom,spmi/spmi-0/0-00/c42d000.qcom,spmi:qcom,pmk8350@0:pon_hlos@1300/c42d000.qcom,spmi:qcom,pmk8350@0:pon_hlos@1300:pwrkey-bark/wakeup/wakeup19): Permission denied
02-05 20:29:17.929   992  1012 E android.system.suspend-service: Error opening kernel wakelock stats for: wakeup8 (../../devices/platform/soc/soc:fingerprint_fpc/wakeup/wakeup8): Permission denied
02-05 20:29:37.769  4482  4994 I QcrilOemhookMsgTunnel: [0]processOemHookResponse serial no: 3010 error: 0length=20
02-05 20:30:34.835  4482  4994 I QcrilOemhookMsgTunnel: [0]processOemHookResponse serial no: 3011 error: 0length=20
02-05 20:31:10.958  2511  4768 W BatteryExternalStatsWorker: error reading Bluetooth stats: 11
02-05 20:31:10.998   992  1012 E android.system.suspend-service: Error opening kernel wakelock stats for: wakeup14 (../../devices/platform/soc/soc:fingerprint_goodix/wakeup/wakeup14): Permission denied
02-05 20:31:11.001   992  1012 E android.system.suspend-service: Error opening kernel wakelock stats for: wakeup7 (../../devices/platform/soc/soc:fingerprint_fpc/wakeup/wakeup7): Permission denied
02-05 20:31:11.003   992  1012 E android.system.suspend-service: Error opening kernel wakelock stats for: wakeup20 (../../devices/platform/soc/c42d000.qcom,spmi/spmi-0/0-00/c42d000.qcom,spmi:qcom,pmk8350@0:pon_hlos@1300/c42d000.qcom,spmi:qcom,pmk8350@0:pon_hlos@1300:pwrkey-resin-bark/wakeup/wakeup20): Permission denied
02-05 20:31:11.005   992  1012 E android.system.suspend-service: Error opening kernel wakelock stats for: wakeup29 (../../devices/platform/soc/990000.spi/spi_master/spi0/spi0.0/wakeup/wakeup29): Permission denied
02-05 20:31:11.005   992  1012 E android.system.suspend-service: Error opening kernel wakelock stats for: wakeup19 (../../devices/platform/soc/c42d000.qcom,spmi/spmi-0/0-00/c42d000.qcom,spmi:qcom,pmk8350@0:pon_hlos@1300/c42d000.qcom,spmi:qcom,pmk8350@0:pon_hlos@1300:pwrkey-bark/wakeup/wakeup19): Permission denied
02-05 20:31:11.012   992  1012 E android.system.suspend-service: Error opening kernel wakelock stats for: wakeup8 (../../devices/platform/soc/soc:fingerprint_fpc/wakeup/wakeup8): Permission denied
02-05 20:31:31.901  4482  4994 I QcrilOemhookMsgTunnel: [0]processOemHookResponse serial no: 3012 error: 0length=20
02-05 20:31:34.347 10632 29850 W NetworkScheduler: Error inserting flex_time=14000 job_id=-1 period=30000 source=16 requires_charging=0 preferred_network_type=1 target_class=com.google.android.gms.measurement.PackageMeasurementTaskService user_id=0 target_package=com.google.android.gms tag=Measurement.PackageMeasurementTaskService.UPLOAD_TASK_TAG task_type=0 required_idleness_state=0 service_kind=0 source_version=250335000 persistence_level=1 preferred_charging_state=1 required_network_type=0 runtime=1738783894332 retry_strategy={"maximum_backoff_seconds":{"3600":0},"initial_backoff_seconds":{"30":0},"retry_policy":{"0":0}} last_runtime=0 [CONTEXT service_id=218 ]
02-05 20:31:34.351 10632 29850 W NetworkScheduler: Error inserting flex_time=14000 job_id=-1 period=30000 source=16 requires_charging=0 preferred_network_type=1 target_class=com.google.android.gms.measurement.PackageMeasurementTaskService user_id=0 target_package=com.google.android.gms tag=Measurement.PackageMeasurementTaskService.UPLOAD_TASK_TAG task_type=0 required_idleness_state=0 service_kind=0 source_version=250335000 persistence_level=1 preferred_charging_state=1 required_network_type=0 runtime=1738783894338 retry_strategy={"maximum_backoff_seconds":{"3600":0},"initial_backoff_seconds":{"30":0},"retry_policy":{"0":0}} last_runtime=0 [CONTEXT service_id=218 ]
02-05 20:31:37.436 10632 29851 W NetworkScheduler: Error inserting flex_time=14000 job_id=-1 period=30000 source=16 requires_charging=0 preferred_network_type=1 target_class=com.google.android.gms.measurement.PackageMeasurementTaskService user_id=0 target_package=com.google.android.gms tag=Measurement.PackageMeasurementTaskService.UPLOAD_TASK_TAG task_type=0 required_idleness_state=0 service_kind=0 source_version=250335000 persistence_level=1 preferred_charging_state=1 required_network_type=0 runtime=1738783897434 retry_strategy={"maximum_backoff_seconds":{"3600":0},"initial_backoff_seconds":{"30":0},"retry_policy":{"0":0}} last_runtime=0 [CONTEXT service_id=218 ]
02-05 20:31:37.453 10632 29850 W NetworkScheduler: Error inserting flex_time=14000 job_id=-1 period=30000 source=16 requires_charging=0 preferred_network_type=1 target_class=com.google.android.gms.measurement.PackageMeasurementTaskService user_id=0 target_package=com.google.android.gms tag=Measurement.PackageMeasurementTaskService.UPLOAD_TASK_TAG task_type=0 required_idleness_state=0 service_kind=0 source_version=250335000 persistence_level=1 preferred_charging_state=1 required_network_type=0 runtime=1738783897450 retry_strategy={"maximum_backoff_seconds":{"3600":0},"initial_backoff_seconds":{"30":0},"retry_policy":{"0":0}} last_runtime=0 [CONTEXT service_id=218 ]
02-05 20:31:39.919 31543 31684 E chromium: [ERROR:tile_manager.cc(937)] WARNING: tile memory limits exceeded, some content may not draw
02-05 20:31:39.919 31543 31684 E chromium: [ERROR:tile_manager.cc(937)] WARNING: tile memory limits exceeded, some content may not draw
02-05 20:31:41.021 30143 30143 E chromium: [0205/203141.019409:ERROR:process_memory_range.cc(75)] read out of range
02-05 20:31:41.436  2511  3775 E ProcessManager: error write exception log
02-05 20:31:41.459  2511  3775 E ProcessManager: error write exception log
02-05 20:31:41.702  2511  3775 E ProcessManager: error write exception log
02-05 20:31:41.705 24321 24365 W BugleSatellite: java.lang.NoClassDefFoundError: Failed resolution of: Landroid/telephony/satellite/wrapper/SatelliteManagerWrapper;
02-05 20:31:41.727 24321 24365 W BugleSatellite: java.lang.NoClassDefFoundError: Failed resolution of: Landroid/telephony/satellite/wrapper/SatelliteManagerWrapper;
02-05 20:31:41.743  2511  3775 E ProcessManager: error write exception log
02-05 20:31:41.771  2511  3775 E ProcessManager: error write exception log
02-05 20:31:41.806  2511  3775 E ProcessManager: error write exception log
02-05 20:31:41.826  2511  3775 E ProcessManager: error write exception log
02-05 20:31:42.049  2511  3775 E ProcessManager: error write exception log
02-05 20:31:42.052  1258  1258 I Zygote  : Process 3867 exited due to signal 7 (Bus error)
02-05 20:31:42.696  4598  4796 D WindowManagerShell: wct=WindowContainerTransaction { changes = {} hops = [] errorCallbackToken=null taskFragmentOrganizer=null }, hander=com.android.wm.shell.transition.SoScMixedHandler@fcc15dc, transitionToken=android.os.BinderProxy@9767b56, request=TransitionRequestInfo { type = OPEN, triggerTask = TaskInfo{userId=0 taskId=418 displayId=0 isRunning=true baseIntent=Intent { act=android.intent.action.MAIN cat=[android.intent.category.LAUNCHER] flg=0x10200000 cmp=com.pierretulle.juno2/.MainActivity } baseActivity=ComponentInfo{com.pierretulle.juno2/com.pierretulle.juno2.MainActivity} topActivity=ComponentInfo{com.pierretulle.juno2/com.pierretulle.juno2.MainActivity} origActivity=null realActivity=ComponentInfo{com.pierretulle.juno2/com.pierretulle.juno2.MainActivity} numActivities=1 lastActiveTime=49224811 supportsSplitScreenMultiWindow=true supportsMultiWindow=true resizeMode=1 isResizeable=true minWidth=-1 minHeight=-1 defaultMinSize=200 token=WCT{android.window.IWindowContainerToken$Stub$Proxy@b8ae7d7} topActivityType=1 pictureInPictureParams=null shouldDockBigOverlays=false launchIntoPipHostTaskId=-1 lastParentTaskIdBeforePip=-1 displayCutoutSafeInsets=Rect(0, 94 - 0, 0) topActivityInfo=ActivityInfo{41268c4 com.pierretulle.juno2.MainActivity} launchCookies=[] positionInParent=Point(0, 0) parentTaskId=-1 isFocused=false isVisible=false isVisibleRequested=false isSleeping=false topActivityInSizeCompat=false topActivityInMiuiSizeCompat=false topActivityEligibleForLetterboxEducation= false topActivityLetterboxed= false isFromDoubleTap= false topActivityLetterboxVerticalPosition= -1 topActivityLetterboxHorizontalPosition= -1 topActivityLetterboxWidth=-1 topActivityLetterboxHeight=-1 locusId=null displayAreaFeatureId=1 cameraCompatControlState=hidden mIsCastMode=false mTopActivityMediaSize=null mTopActivityRecordName=ActivityRecord{3aa8bc4 u0 com.pierretulle.juno2/.MainActivity t418} mTopActivityOrientation=-2 mTopActivityWindowIsNowVisible=false isTranslucent=true isEmbedded=false shouldBeVisible=true isImmersive=false mBehindAppLockPkg=null mOriginatingUid=0}, remoteTransition = RemoteTransition { remoteTransition = android.window.IRemoteTransition$Stub$Proxy@35a83ad, appThread = null, debugName = null, hyperRemoteTransition = null }, displayChange = null }
02-05 20:31:42.724 21474 21474 E zygote64: Failed to parse /product/etc/mfz.xml: Tinyxml2 error (3): Error=XML_ERROR_FILE_NOT_FOUND ErrorID=3 (0x3) Line number=0: filename=/product/etc/mfz.xml
02-05 20:31:42.731  4021  5074 E ScreenElementRoot: load error, manifest root is null
02-05 20:31:52.554 10632 30605 W NetworkScheduler: Error inserting flex_time=3599000 job_id=-1 period=7200000 source=16 requires_charging=0 preferred_network_type=1 target_class=com.google.android.gms.measurement.PackageMeasurementTaskService user_id=0 target_package=com.google.android.gms tag=Measurement.PackageMeasurementTaskService.UPLOAD_TASK_TAG task_type=0 required_idleness_state=0 service_kind=0 source_version=250335000 persistence_level=1 preferred_charging_state=1 required_network_type=0 runtime=1738783912550 retry_strategy={"maximum_backoff_seconds":{"3600":0},"initial_backoff_seconds":{"30":0},"retry_policy":{"0":0}} last_runtime=0 [CONTEXT service_id=218 ]
02-05 20:31:52.734 10632 30604 W NetworkScheduler: Error inserting flex_time=3599000 job_id=-1 period=7200000 source=16 requires_charging=0 preferred_network_type=1 target_class=com.google.android.gms.measurement.PackageMeasurementTaskService user_id=0 target_package=com.google.android.gms tag=Measurement.PackageMeasurementTaskService.UPLOAD_TASK_TAG task_type=0 required_idleness_state=0 service_kind=0 source_version=250335000 persistence_level=1 preferred_charging_state=1 required_network_type=0 runtime=1738783912731 retry_strategy={"maximum_backoff_seconds":{"3600":0},"initial_backoff_seconds":{"30":0},"retry_policy":{"0":0}} last_runtime=0 [CONTEXT service_id=218 ]
02-05 20:31:52.875 10632 29851 W NetworkScheduler: Error inserting flex_time=3599000 job_id=-1 period=7200000 source=16 requires_charging=0 preferred_network_type=1 target_class=com.google.android.gms.measurement.PackageMeasurementTaskService user_id=0 target_package=com.google.android.gms tag=Measurement.PackageMeasurementTaskService.UPLOAD_TASK_TAG task_type=0 required_idleness_state=0 service_kind=0 source_version=250335000 persistence_level=1 preferred_charging_state=1 required_network_type=0 runtime=1738783912870 retry_strategy={"maximum_backoff_seconds":{"3600":0},"initial_backoff_seconds":{"30":0},"retry_policy":{"0":0}} last_runtime=0 [CONTEXT service_id=218 ]
02-05 20:32:14.495  1349  2506 E LocSvc_APIClientBase: onResponseCb:909] ERROR: 5 ID: 298
02-05 20:32:14.597  1349  2506 E LocSvc_APIClientBase: onResponseCb:909] ERROR: 5 ID: 299
02-05 20:32:20.477  1349  2506 E LocSvc_APIClientBase: onResponseCb:909] ERROR: 5 ID: 300
02-05 20:32:29.008  4482  4994 I QcrilOemhookMsgTunnel: [0]processOemHookResponse serial no: 3013 error: 0length=20
02-05 20:32:41.456  2511  7122 W BatteryExternalStatsWorker: error reading Bluetooth stats: 11
02-05 20:32:51.884  1418  7832 D NxpTml  : PN54X - Error in I2C Write.....
02-05 20:32:51.884  1418  7834 D NxpHal  : write error status = 0x1ff
02-05 20:32:52.139  2511  3775 E ProcessManager: error write exception log
02-05 20:32:52.147 31765 31765 E zygote64: Failed to parse /product/etc/mfz.xml: Tinyxml2 error (3): Error=XML_ERROR_FILE_NOT_FOUND ErrorID=3 (0x3) Line number=0: filename=/product/etc/mfz.xml
02-05 20:32:52.209  4482  4994 I QcrilOemhookMsgTunnel: [0]processOemHookResponse serial no: 3014 error: 0length=1
02-05 20:32:52.231  2511  3775 E ProcessManager: error write exception log
02-05 20:32:52.259  2511  3775 E ProcessManager: error write exception log
02-05 20:32:52.301  2511  3775 E ProcessManager: error write exception log
02-05 20:32:52.464  2511  3775 E ProcessManager: error write exception log
02-05 20:32:52.467  6872  7920 I epmn    : #logRequestHandlingNonErrorEndEvent. Reset requestIdOfFirstError, firstStartErrorCausesRetry and numOfRetriesDoneForHotwordDetectorStartErrors!
02-05 20:32:52.538  2511  3775 E ProcessManager: error write exception log
02-05 20:32:52.567  2511  3775 E ProcessManager: error write exception log
02-05 20:32:55.668  4482  4994 I QcrilOemhookMsgTunnel: [0]processOemHookResponse serial no: 3015 error: 0length=4
02-05 20:32:55.683  4482  4994 I QcrilOemhookMsgTunnel: [0]processOemHookResponse serial no: 3016 error: 0length=0
02-05 20:33:00.534 24321 24365 W BugleSatellite: java.lang.NoClassDefFoundError: Failed resolution of: Landroid/telephony/satellite/wrapper/SatelliteManagerWrapper;
02-05 20:36:18.614  2511  7142 W BatteryExternalStatsWorker: error reading Bluetooth stats: 11
02-05 20:36:18.758   992  3717 E android.system.suspend-service: Error opening kernel wakelock stats for: wakeup14 (../../devices/platform/soc/soc:fingerprint_goodix/wakeup/wakeup14): Permission denied
02-05 20:36:18.764   992  3717 E android.system.suspend-service: Error opening kernel wakelock stats for: wakeup7 (../../devices/platform/soc/soc:fingerprint_fpc/wakeup/wakeup7): Permission denied
02-05 20:36:18.768   992  3717 E android.system.suspend-service: Error opening kernel wakelock stats for: wakeup20 (../../devices/platform/soc/c42d000.qcom,spmi/spmi-0/0-00/c42d000.qcom,spmi:qcom,pmk8350@0:pon_hlos@1300/c42d000.qcom,spmi:qcom,pmk8350@0:pon_hlos@1300:pwrkey-resin-bark/wakeup/wakeup20): Permission denied
02-05 20:36:18.771   992  3717 E android.system.suspend-service: Error opening kernel wakelock stats for: wakeup29 (../../devices/platform/soc/990000.spi/spi_master/spi0/spi0.0/wakeup/wakeup29): Permission denied
02-05 20:36:18.772   992  3717 E android.system.suspend-service: Error opening kernel wakelock stats for: wakeup19 (../../devices/platform/soc/c42d000.qcom,spmi/spmi-0/0-00/c42d000.qcom,spmi:qcom,pmk8350@0:pon_hlos@1300/c42d000.qcom,spmi:qcom,pmk8350@0:pon_hlos@1300:pwrkey-bark/wakeup/wakeup19): Permission denied
02-05 20:36:18.781   992  3717 E android.system.suspend-service: Error opening kernel wakelock stats for: wakeup8 (../../devices/platform/soc/soc:fingerprint_fpc/wakeup/wakeup8): Permission denied
02-05 20:37:22.124  2511  7142 W BatteryExternalStatsWorker: error reading Bluetooth stats: 11
02-05 20:37:55.374 24321 24365 W BugleSatellite: java.lang.NoClassDefFoundError: Failed resolution of: Landroid/telephony/satellite/wrapper/SatelliteManagerWrapper;
02-05 20:39:16.172  1349  2506 E LocSvc_APIClientBase: onResponseCb:909] ERROR: 5 ID: 301
02-05 20:39:16.664  4580  5247 I MiuiTelephonyStatistic: recordLogInfo:key=data_setup_call_error
02-05 20:39:16.868  1257 30717 E IptablesRestoreController: iptables error:
02-05 20:39:16.868  1257 30717 E IptablesRestoreController: -------  ERROR -------
02-05 20:40:33.516 24321 24577 W BugleSatellite: java.lang.NoClassDefFoundError: Failed resolution of: Landroid/telephony/satellite/wrapper/SatelliteManagerWrapper;
02-05 20:41:17.967  2511  5349 W BatteryExternalStatsWorker: error reading Bluetooth stats: 11
02-05 20:41:18.025   992  3717 E android.system.suspend-service: Error opening kernel wakelock stats for: wakeup14 (../../devices/platform/soc/soc:fingerprint_goodix/wakeup/wakeup14): Permission denied
02-05 20:41:18.027   992  3717 E android.system.suspend-service: Error opening kernel wakelock stats for: wakeup7 (../../devices/platform/soc/soc:fingerprint_fpc/wakeup/wakeup7): Permission denied
02-05 20:41:18.029   992  3717 E android.system.suspend-service: Error opening kernel wakelock stats for: wakeup20 (../../devices/platform/soc/c42d000.qcom,spmi/spmi-0/0-00/c42d000.qcom,spmi:qcom,pmk8350@0:pon_hlos@1300/c42d000.qcom,spmi:qcom,pmk8350@0:pon_hlos@1300:pwrkey-resin-bark/wakeup/wakeup20): Permission denied
02-05 20:41:18.031   992  3717 E android.system.suspend-service: Error opening kernel wakelock stats for: wakeup29 (../../devices/platform/soc/990000.spi/spi_master/spi0/spi0.0/wakeup/wakeup29): Permission denied
02-05 20:41:18.032   992  3717 E android.system.suspend-service: Error opening kernel wakelock stats for: wakeup19 (../../devices/platform/soc/c42d000.qcom,spmi/spmi-0/0-00/c42d000.qcom,spmi:qcom,pmk8350@0:pon_hlos@1300/c42d000.qcom,spmi:qcom,pmk8350@0:pon_hlos@1300:pwrkey-bark/wakeup/wakeup19): Permission denied
02-05 20:41:18.038   992  3717 E android.system.suspend-service: Error opening kernel wakelock stats for: wakeup8 (../../devices/platform/soc/soc:fingerprint_fpc/wakeup/wakeup8): Permission denied
02-05 20:41:22.985 10223 10947 E msgr.msys: E[N data-request]_HandleDataResponse(1820)=>Data request error for task 37BDF451-472B-43A5-A8D5-43496E87752F (response type 1): (null)
02-05 20:41:22.987 10223 10947 E msgr.msys: E[N data-request]_HandleDataResponse(1820)=>Data request error for task 7D001933-BF30-4A20-AB42-D09850EA6D29 (response type 1): (null)
02-05 20:41:22.990 10223 11049 E msgr.msys: E[S task_queue_handling]MCDLightSpeedTaskExecutorNetworkCompletionCallback(1101)=>Handling send error for taskId=2433 batchSize=1 queue=acs_sync_LS_MsgrXmaReceiverFetch Handling send network completion with error: No Network Response Data
02-05 20:41:22.990 10223 11049 E msgr.msys: E[S send]_MCDEpochCreateByData(230)=>Failed to find an existing network_requests row ( queue name = (null), sync database id = -1, network task identifier = 37BDF451-472B-43A5-A8D5-43496E87752F): Error Domain=Facebook_MCD_epoch Code=200004
